<html>
<body>
<pre>
<h1>µVision Build Log</h1>
<h2>Project:</h2>
Z:\TI_Labor\Keil\neu\neu.uvproj
Project File Date:  10/20/2015

<h2>Output:</h2>
Rebuild target 'neu'
assembling startup_stm32f4xx.s...
compiling TI_Lib.c...
compiling Usart.c...
compiling Retarget.c...
compiling TI_Board_IO.c...
compiling tft.c...
compiling TI_Board_ADC.c...
compiling stm32f4xx_it.c...
compiling main.c...
compiling sieb.c...
compiling ausg.c...
compiling system_stm32f4xx.c...
compiling stm32f4xx_gpio.c...
compiling stm32f4xx_rcc.c...
compiling stm32f4xx_usart.c...
compiling misc.c...
compiling stm32f4xx_adc.c...
compiling stm32f4xx_dma.c...
linking...
Program Size: Code=17128 RO-data=424 RW-data=68 ZI-data=37852  
".\Obj\Anwendung.axf" - 0 Error(s), 0 Warning(s).
Load "Z:\\TI_Labor\\Keil\\neu\\Obj\\Anwendung.axf" 
Erase Done.
Programming Done.
Verify OK.
</pre>
</body>
</html>
ly defined (by ausg.o and main.o).
Not enough information to list image symbols.
Not enough information to list the image map.
Finished: 2 information, 0 warning and 3 error messages.
".\Obj\Anwendung.axf" - 3 Error(s), 0 Warning(s).
Target not created
