Product: MDK-ARM Professional 5.10
Component: ARM Compiler 5.04 update 1 (build 49)
Tool: armlink [5040049]

==============================================================================

Section Cross References

    startup_stm32f4xx.o(STACK) refers (Special) to heapauxi.o(.text) for __use_two_region_memory
    startup_stm32f4xx.o(HEAP) refers (Special) to heapauxi.o(.text) for __use_two_region_memory
    startup_stm32f4xx.o(RESET) refers (Special) to heapauxi.o(.text) for __use_two_region_memory
    startup_stm32f4xx.o(RESET) refers to startup_stm32f4xx.o(STACK) for __initial_sp
    startup_stm32f4xx.o(RESET) refers to startup_stm32f4xx.o(.text) for Reset_Handler
    startup_stm32f4xx.o(RESET) refers to stm32f4xx_it.o(.text) for NMI_Handler
    startup_stm32f4xx.o(RESET) refers to usart.o(.text) for USART1_IRQHandler
    startup_stm32f4xx.o(.text) refers (Special) to heapauxi.o(.text) for __use_two_region_memory
    startup_stm32f4xx.o(.text) refers to system_stm32f4xx.o(.text) for SystemInit
    startup_stm32f4xx.o(.text) refers to __main.o(!!!main) for __main
    startup_stm32f4xx.o(.text) refers to startup_stm32f4xx.o(HEAP) for Heap_Mem
    startup_stm32f4xx.o(.text) refers to startup_stm32f4xx.o(STACK) for Stack_Mem
    ti_lib.o(.text) refers to ti_board_io.o(.text) for Init_System_Clock
    ti_lib.o(.text) refers to usart.o(.text) for USART1_Buffer_Init
    ti_lib.o(.text) refers to tft.o(.text) for TFT_Init
    ti_lib.o(.text) refers to ti_lib.o(.data) for TimingDelay
    usart.o(.text) refers to stm32f4xx_rcc.o(.text) for RCC_AHB1PeriphClockCmd
    usart.o(.text) refers to stm32f4xx_gpio.o(.text) for GPIO_PinAFConfig
    usart.o(.text) refers to stm32f4xx_usart.o(.text) for USART_OverSampling8Cmd
    usart.o(.text) refers to misc.o(.text) for NVIC_PriorityGroupConfig
    usart.o(.text) refers to usart.o(.bss) for rbuf
    usart.o(.text) refers to usart.o(.data) for tx_restart
    retarget.o(.text) refers to usart.o(.text) for USART1_SendChar
    retarget.o(.text) refers to retarget.o(.data) for __stdout
    ti_board_io.o(.text) refers to system_stm32f4xx.o(.text) for SystemCoreClockUpdate
    ti_board_io.o(.text) refers to stm32f4xx_rcc.o(.text) for RCC_AHB1PeriphClockCmd
    ti_board_io.o(.text) refers to stm32f4xx_gpio.o(.text) for GPIO_Init
    ti_board_io.o(.text) refers to system_stm32f4xx.o(.data) for SystemCoreClock
    tft.o(.text) refers to strlen.o(.text) for strlen
    tft.o(.text) refers to tft.o(.bss) for cmd
    ti_board_adc.o(.text) refers to stm32f4xx_rcc.o(.text) for RCC_AHB1PeriphClockCmd
    ti_board_adc.o(.text) refers to stm32f4xx_dma.o(.text) for DMA_Init
    ti_board_adc.o(.text) refers to stm32f4xx_gpio.o(.text) for GPIO_Init
    ti_board_adc.o(.text) refers to stm32f4xx_adc.o(.text) for ADC_CommonInit
    ti_board_adc.o(.text) refers to ti_board_adc.o(.data) for ADC3ConvertedValue
    stm32f4xx_it.o(.text) refers to ti_lib.o(.text) for TimingDelay_Decrement
    main.o(.text) refers to ti_lib.o(.text) for Init_TI_Board
    main.o(.text) refers to tft.o(.text) for TFT_cls
    main.o(.text) refers to sieb.o(.text) for init_prim_arr
    main.o(.text) refers to ausg.o(.text) for print_ergebnis_TFT
    main.o(.text) refers to main.o(.data) for start
    sieb.o(.text) refers to _printf_percent.o(.ARM.Collect$$_printf_percent$$00000000) for _printf_percent
    sieb.o(.text) refers to _printf_u.o(.ARM.Collect$$_printf_percent$$0000000A) for _printf_u
    sieb.o(.text) refers to _printf_dec.o(.text) for _printf_int_dec
    sieb.o(.text) refers to _printf_i.o(.ARM.Collect$$_printf_percent$$00000008) for _printf_i
    sieb.o(.text) refers to sqrt.o(i.__hardfp_sqrt) for __hardfp_sqrt
    sieb.o(.text) refers to dfix.o(x$fpl$dfix) for __aeabi_d2iz
    sieb.o(.text) refers to noretval__2printf.o(.text) for __2printf
    sieb.o(.text) refers to sieb.o(.bss) for prim_arr
    ausg.o(.text) refers to _printf_percent.o(.ARM.Collect$$_printf_percent$$00000000) for _printf_percent
    ausg.o(.text) refers to _printf_d.o(.ARM.Collect$$_printf_percent$$00000009) for _printf_d
    ausg.o(.text) refers to _printf_dec.o(.text) for _printf_int_dec
    ausg.o(.text) refers to noretval__2sprintf.o(.text) for __2sprintf
    ausg.o(.text) refers to tft.o(.text) for TFT_puts
    ausg.o(.text) refers to main.o(.data) for prim_anz
    system_stm32f4xx.o(.text) refers to system_stm32f4xx.o(.data) for SystemCoreClock
    stm32f4xx_gpio.o(.text) refers to ti_lib.o(.text) for assert_failed
    stm32f4xx_gpio.o(.text) refers to stm32f4xx_rcc.o(.text) for RCC_AHB1PeriphResetCmd
    stm32f4xx_rcc.o(.text) refers to ti_lib.o(.text) for assert_failed
    stm32f4xx_rcc.o(.text) refers to stm32f4xx_rcc.o(.data) for APBAHBPrescTable
    stm32f4xx_usart.o(.text) refers to ti_lib.o(.text) for assert_failed
    stm32f4xx_usart.o(.text) refers to stm32f4xx_rcc.o(.text) for RCC_APB2PeriphResetCmd
    misc.o(.text) refers to ti_lib.o(.text) for assert_failed
[...]
    dfix.o(x$fpl$dfixr) refers to dnaninf.o(x$fpl$dnaninf) for __fpl_dnaninf
    sqrt.o(i.__hardfp_sqrt) refers (Special) to usenofp.o(x$fpl$usenofp) for __I$use$fp
    sqrt.o(i.__hardfp_sqrt) refers to dsqrt_umaal.o(x$fpl$dsqrt) for _dsqrt
    sqrt.o(i.__hardfp_sqrt) refers to _rserrno.o(.text) for __set_errno
    sqrt.o(i.__softfp_sqrt) refers (Special) to usenofp.o(x$fpl$usenofp) for __I$use$fp
    sqrt.o(i.__softfp_sqrt) refers to dsqrt_umaal.o(x$fpl$dsqrt) for _dsqrt
    sqrt.o(i.__softfp_sqrt) refers to _rserrno.o(.text) for __set_errno
    sqrt.o(i.sqrt) refers (Special) to usenofp.o(x$fpl$usenofp) for __I$use$fp
    sqrt.o(i.sqrt) refers to dsqrt_umaal.o(x$fpl$dsqrt) for _dsqrt
    sqrt.o(i.sqrt) refers to _rserrno.o(.text) for __set_errno
    sqrt_x.o(i.____hardfp_sqrt$lsc) refers (Special) to usenofp.o(x$fpl$usenofp) for __I$use$fp
    sqrt_x.o(i.____hardfp_sqrt$lsc) refers to dleqf.o(x$fpl$dleqf) for __aeabi_cdcmple
    sqrt_x.o(i.____hardfp_sqrt$lsc) refers to _rserrno.o(.text) for __set_errno
    sqrt_x.o(i.____hardfp_sqrt$lsc) refers to dsqrt_umaal.o(x$fpl$dsqrt) for _dsqrt
    sqrt_x.o(i.____softfp_sqrt$lsc) refers (Special) to usenofp.o(x$fpl$usenofp) for __I$use$fp
    sqrt_x.o(i.____softfp_sqrt$lsc) refers to dleqf.o(x$fpl$dleqf) for __aeabi_cdcmple
    sqrt_x.o(i.____softfp_sqrt$lsc) refers to _rserrno.o(.text) for __set_errno
    sqrt_x.o(i.____softfp_sqrt$lsc) refers to dsqrt_umaal.o(x$fpl$dsqrt) for _dsqrt
    sqrt_x.o(i.__sqrt$lsc) refers (Special) to usenofp.o(x$fpl$usenofp) for __I$use$fp
    sqrt_x.o(i.__sqrt$lsc) refers to dleqf.o(x$fpl$dleqf) for __aeabi_cdcmple
    sqrt_x.o(i.__sqrt$lsc) refers to _rserrno.o(.text) for __set_errno
    sqrt_x.o(i.__sqrt$lsc) refers to dsqrt_umaal.o(x$fpl$dsqrt) for _dsqrt
    rtentry.o(.ARM.Collect$$rtentry$$00000000) refers (Special) to rtentry2.o(.ARM.Collect$$rtentry$$0000000A) for __rt_entry_li
    rtentry.o(.ARM.Collect$$rtentry$$00000000) refers (Special) to rtentry2.o(.ARM.Collect$$rtentry$$0000000D) for __rt_entry_main
    rtentry.o(.ARM.Collect$$rtentry$$00000000) refers (Special) to rtentry2.o(.ARM.Collect$$rtentry$$0000000C) for __rt_entry_postli_1
    rtentry.o(.ARM.Collect$$rtentry$$00000000) refers (Special) to rtentry2.o(.ARM.Collect$$rtentry$$00000009) for __rt_entry_postsh_1
    rtentry.o(.ARM.Collect$$rtentry$$00000000) refers (Special) to rtentry2.o(.ARM.Collect$$rtentry$$00000002) for __rt_entry_presh_1
    rtentry.o(.ARM.Collect$$rtentry$$00000000) refers (Special) to rtentry4.o(.ARM.Collect$$rtentry$$00000004) for __rt_entry_sh
    _rserrno.o(.text) refers to rt_errno_addr_intlibspace.o(.text) for __aeabi_errno_addr
    _printf_char_common.o(.text) refers to __printf.o(.text) for __printf
    _printf_char_file.o(.text) refers to _printf_char_common.o(.text) for _printf_char_common
    _printf_char_file.o(.text) refers to retarget.o(.text) for ferror
    dleqf.o(x$fpl$dleqf) refers (Special) to usenofp.o(x$fpl$usenofp) for __I$use$fp
    dleqf.o(x$fpl$dleqf) refers to dnaninf.o(x$fpl$dnaninf) for __fpl_dnaninf
    dleqf.o(x$fpl$dleqf) refers to dcmpi.o(x$fpl$dcmpinf) for __fpl_dcmp_Inf
    dnaninf.o(x$fpl$dnaninf) refers (Special) to usenofp.o(x$fpl$usenofp) for __I$use$fp
    dsqrt_umaal.o(x$fpl$dsqrt) refers (Special) to usenofp.o(x$fpl$usenofp) for __I$use$fp
    dsqrt_umaal.o(x$fpl$dsqrt) refers to dnaninf.o(x$fpl$dnaninf) for __fpl_dnaninf
    rtentry2.o(.ARM.Collect$$rtentry$$00000008) refers to boardinit2.o(.text) for _platform_post_stackheap_init
    rtentry2.o(.ARM.Collect$$rtentry$$0000000A) refers to libinit.o(.ARM.Collect$$libinit$$00000000) for __rt_lib_init
    rtentry2.o(.ARM.Collect$$rtentry$$0000000B) refers to boardinit3.o(.text) for _platform_post_lib_init
    rtentry2.o(.ARM.Collect$$rtentry$$0000000D) refers to main.o(.text) for main
    rtentry2.o(.ARM.Collect$$rtentry$$0000000D) refers to exit.o(.text) for exit
    rtentry2.o(.ARM.exidx) refers to rtentry2.o(.ARM.Collect$$rtentry$$00000001) for .ARM.Collect$$rtentry$$00000001
    rtentry2.o(.ARM.exidx) refers to rtentry2.o(.ARM.Collect$$rtentry$$00000008) for .ARM.Collect$$rtentry$$00000008
    rtentry2.o(.ARM.exidx) refers to rtentry2.o(.ARM.Collect$$rtentry$$0000000A) for .ARM.Collect$$rtentry$$0000000A
    rtentry2.o(.ARM.exidx) refers to rtentry2.o(.ARM.Collect$$rtentry$$0000000B) for .ARM.Collect$$rtentry$$0000000B
    rtentry2.o(.ARM.exidx) refers to rtentry2.o(.ARM.Collect$$rtentry$$0000000D) for .ARM.Collect$$rtentry$$0000000D
    rtentry4.o(.ARM.Collect$$rtentry$$00000004) refers to sys_stackheap_outer.o(.text) for __user_setup_stackheap
    rtentry4.o(.ARM.exidx) refers to rtentry4.o(.ARM.Collect$$rtentry$$00000004) for .ARM.Collect$$rtentry$$00000004
    rt_errno_addr.o(.text) refers to rt_errno_addr.o(.bss) for __aeabi_errno_addr_data
    rt_errno_addr_intlibspace.o(.text) refers to libspace.o(.bss) for __libspace_start
    dcmpi.o(x$fpl$dcmpinf) refers (Special) to usenofp.o(x$fpl$usenofp) for __I$use$fp
    libspace.o(.text) refers to libspace.o(.bss) for __libspace_start
    sys_stackheap_outer.o(.text) refers to libspace.o(.text) for __user_perproc_libspace
    sys_stackheap_outer.o(.text) refers to startup_stm32f4xx.o(.text) for __user_initial_stackheap
    exit.o(.text) refers to rtexit.o(.ARM.Collect$$rtexit$$00000000) for __rt_exit
    libinit.o(.ARM.Collect$$libinit$$00000000) refers (Special) to libinit2.o(.ARM.Collect$$libinit$$0000002C) for __rt_lib_init_alloca_1
    libinit.o(.ARM.Collect$$libinit$$00000000) refers (Special) to libinit2.o(.ARM.Collect$$libinit$$0000002A) for __rt_lib_init_argv_1
    libinit.o(.ARM.Collect$$libinit$$00000000) refers (Special) to libinit2.o(.ARM.Collect$$libinit$$00000019) for __rt_lib_init_atexit_1
    libinit.o(.ARM.Collect$$libinit$$00000000) refers (Special) to libinit2.o(.ARM.Collect$$libinit$$0000001F) for __rt_lib_init_clock_1
    libinit.o(.ARM.Collect$$libinit$$00000000) refers (Special) to libinit2.o(.ARM.Collect$$libinit$$00000030) for __rt_lib_init_cpp_1
    libinit.o(.ARM.Collect$$libinit$$00000000) refers (Special) to libinit2.o(.ARM.Collect$$libinit$$0000002E) for __rt_lib_init_exceptions_1
    libinit.o(.ARM.Collect$$libinit$$00000000) refers (Special) to libinit2.o(.ARM.Collect$$libinit$$00000001) for __rt_lib_init_fp_1
    libinit.o(.ARM.Collect$$libinit$$00000000) refers (Special) to libinit2.o(.ARM.Collect$$libinit$$0000001D) for __rt_lib_init_fp_trap_1
    libinit.o(.ARM.Collect$$libinit$$00000000) refers (Special) to libinit2.o(.ARM.Collect$$libinit$$00000021) for __rt_lib_init_getenv_1
    libinit.o(.ARM.Collect$$libinit$$00000000) refers (Special) to libinit2.o(.ARM.Collect$$libinit$$00000008) for __rt_lib_init_heap_1
    libinit.o(.ARM.Collect$$libinit$$00000000) refers (Special) to libinit2.o(.ARM.Collect$$libinit$$0000000F) for __rt_lib_init_lc_collate_1
    libinit.o(.ARM.Collect$$libinit$$00000000) refers (Special) to libinit2.o(.ARM.Collect$$libinit$$00000011) for __rt_lib_init_lc_ctype_1
    libinit.o(.ARM.Collect$$libinit$$00000000) refers (Special) to libinit2.o(.ARM.Collect$$libinit$$00000013) for __rt_lib_init_lc_monetary_1
    libinit.o(.ARM.Collect$$libinit$$00000000) refers (Special) to libinit2.o(.ARM.Collect$$libinit$$00000015) for __rt_lib_init_lc_numeric_1
    libinit.o(.ARM.Collect$$libinit$$00000000) refers (Special) to libinit2.o(.ARM.Collect$$libinit$$00000017) for __rt_lib_init_lc_time_1
    libinit.o(.ARM.Collect$$libinit$$00000000) refers (Special) to libinit2.o(.ARM.Collect$$libinit$$0000000C) for __rt_lib_init_rand_1
    libinit.o(.ARM.Collect$$libinit$$00000000) refers (Special) to libinit2.o(.ARM.Collect$$libinit$$00000031) for __rt_lib_init_return
    libinit.o(.ARM.Collect$$libinit$$00000000) refers (Special) to libinit2.o(.ARM.Collect$$libinit$$0000001B) for __rt_lib_init_signal_1
    libinit.o(.ARM.Collect$$libinit$$00000000) refers (Special) to libinit2.o(.ARM.Collect$$libinit$$00000023) for __rt_lib_init_stdio_1
    libinit.o(.ARM.Collect$$libinit$$00000000) refers (Special) to libinit2.o(.ARM.Collect$$libinit$$0000000A) for __rt_lib_init_user_alloc_1
    rtexit.o(.ARM.Collect$$rtexit$$00000000) refers (Special) to rtexit2.o(.ARM.Collect$$rtexit$$00000004) for __rt_exit_exit
    rtexit.o(.ARM.Collect$$rtexit$$00000000) refers (Special) to rtexit2.o(.ARM.Collect$$rtexit$$00000003) for __rt_exit_ls
    rtexit.o(.ARM.Collect$$rtexit$$00000000) refers (Special) to rtexit2.o(.ARM.Collect$$rtexit$$00000002) for __rt_exit_prels_1
    rtexit.o(.ARM.exidx) refers (Special) to rtexit2.o(.ARM.Collect$$rtexit$$00000004) for __rt_exit_exit
    rtexit.o(.ARM.exidx) refers (Special) to rtexit2.o(.ARM.Collect$$rtexit$$00000003) for __rt_exit_ls
    rtexit.o(.ARM.exidx) refers (Special) to rtexit2.o(.ARM.Collect$$rtexit$$00000002) for __rt_exit_prels_1
    rtexit.o(.ARM.exidx) refers to rtexit.o(.ARM.Collect$$rtexit$$00000000) for .ARM.Collect$$rtexit$$00000000
    libinit2.o(.ARM.Collect$$libinit$$00000001) refers to fpinit.o(x$fpl$fpinit) for _fp_init
    libinit2.o(.ARM.Collect$$libinit$$0000000E) refers to libinit2.o(.ARM.Collect$$libinit$$0000000D) for .ARM.Collect$$libinit$$0000000D
    libinit2.o(.ARM.Collect$$libinit$$00000010) refers to libinit2.o(.ARM.Collect$$libinit$$0000000D) for .ARM.Collect$$libinit$$0000000D
    libinit2.o(.ARM.Collect$$libinit$$00000012) refers to libinit2.o(.ARM.Collect$$libinit$$0000000D) for .ARM.Collect$$libinit$$0000000D
    libinit2.o(.ARM.Collect$$libinit$$00000014) refers to libinit2.o(.ARM.Collect$$libinit$$0000000D) for .ARM.Collect$$libinit$$0000000D
    libinit2.o(.ARM.Collect$$libinit$$00000016) refers to libinit2.o(.ARM.Collect$$libinit$$0000000D) for .ARM.Collect$$libinit$$0000000D
    libinit2.o(.ARM.Collect$$libinit$$00000024) refers to argv_veneer.o(.emb_text) for __ARM_argv_veneer
    libinit2.o(.ARM.Collect$$libinit$$00000025) refers to argv_veneer.o(.emb_text) for __ARM_argv_veneer
    rtexit2.o(.ARM.Collect$$rtexit$$00000003) refers to libshutdown.o(.ARM.Collect$$libshutdown$$00000000) for __rt_lib_shutdown
    rtexit2.o(.ARM.Collect$$rtexit$$00000004) refers to retarget.o(.text) for _sys_exit
    rtexit2.o(.ARM.exidx) refers to rtexit2.o(.ARM.Collect$$rtexit$$00000001) for .ARM.Collect$$rtexit$$00000001
    rtexit2.o(.ARM.exidx) refers to rtexit2.o(.ARM.Collect$$rtexit$$00000003) for .ARM.Collect$$rtexit$$00000003
    rtexit2.o(.ARM.exidx) refers to rtexit2.o(.ARM.Collect$$rtexit$$00000004) for .ARM.Collect$$rtexit$$00000004
    argv_veneer.o(.emb_text) refers to no_argv.o(.text) for __ARM_get_argv
    _get_argv_nomalloc.o(.text) refers (Special) to hrguard.o(.text) for __heap_region$guard
    _get_argv_nomalloc.o(.text) refers to defsig_rtmem_outer.o(.text) for __rt_SIGRTMEM
    _get_argv_nomalloc.o(.text) refers to sys_command.o(.text) for _sys_command_string
    libshutdown.o(.ARM.Collect$$libshutdown$$00000000) refers (Special) to libshutdown2.o(.ARM.Collect$$libshutdown$$00000006) for __rt_lib_shutdown_fp_trap_1
    libshutdown.o(.ARM.Collect$$libshutdown$$00000000) refers (Special) to libshutdown2.o(.ARM.Collect$$libshutdown$$0000000E) for __rt_lib_shutdown_heap_1
    libshutdown.o(.ARM.Collect$$libshutdown$$00000000) refers (Special) to libshutdown2.o(.ARM.Collect$$libshutdown$$0000000F) for __rt_lib_shutdown_return
    libshutdown.o(.ARM.Collect$$libshutdown$$00000000) refers (Special) to libshutdown2.o(.ARM.Collect$$libshutdown$$00000009) for __rt_lib_shutdown_signal_1
    libshutdown.o(.ARM.Collect$$libshutdown$$00000000) refers (Special) to libshutdown2.o(.ARM.Collect$$libshutdown$$00000003) for __rt_lib_shutdown_stdio_1
    libshutdown.o(.ARM.Collect$$libshutdown$$00000000) refers (Special) to libshutdown2.o(.ARM.Collect$$libshutdown$$0000000B) for __rt_lib_shutdown_user_alloc_1
    sys_command.o(.text) refers (Special) to use_no_semi.o(.text) for __I$use$semihosting
    sys_command.o(.text) refers (Special) to indicate_semi.o(.text) for __semihosting_library_function
    defsig_rtmem_outer.o(.text) refers to defsig_rtmem_inner.o(.text) for __rt_SIGRTMEM_inner
    defsig_rtmem_outer.o(.text) refers to defsig_exit.o(.text) for __sig_exit
    defsig_rtmem_formal.o(.text) refers to rt_raise.o(.text) for __rt_raise
    rt_raise.o(.text) refers to __raise.o(.text) for __raise
    rt_raise.o(.text) refers to retarget.o(.text) for _sys_exit
    defsig_exit.o(.text) refers to retarget.o(.text) for _sys_exit
    defsig_rtmem_inner.o(.text) refers to defsig_general.o(.text) for __default_signal_display
    __raise.o(.text) refers to defsig.o(CL$$defsig) for __default_signal_handler
    defsig_general.o(.text) refers to retarget.o(.text) for _ttywrch
    defsig.o(CL$$defsig) refers to defsig_rtmem_inner.o(.text) for __rt_SIGRTMEM_inner
    defsig_abrt_inner.o(.text) refers to defsig_general.o(.text) for __default_signal_display
    defsig_fpe_inner.o(.text) refers to defsig_general.o(.text) for __default_signal_display
    defsig_rtred_inner.o(.text) refers to defsig_general.o(.text) for __default_signal_display
    defsig_stak_inner.o(.text) refers to defsig_general.o(.text) for __default_signal_display
    defsig_pvfn_inner.o(.text) refers to defsig_general.o(.text) for __default_signal_display
    defsig_cppl_inner.o(.text) refers to defsig_general.o(.text) for __default_signal_display
    defsig_segv_inner.o(.text) refers to defsig_general.o(.text) for __default_signal_display
    defsig_other.o(.text) refers to defsig_general.o(.text) for __default_signal_display


==============================================================================

Removing Unused input sections from the image.

    Removing ti_lib.o(.rev16_text), (4 bytes).
    Removing ti_lib.o(.revsh_text), (4 bytes).
    Removing usart.o(.rev16_text), (4 bytes).
    Removing usart.o(.revsh_text), (4 bytes).
    Removing retarget.o(.rev16_text), (4 bytes).
    Removing retarget.o(.revsh_text), (4 bytes).
    Removing ti_board_io.o(.rev16_text), (4 bytes).
    Removing ti_board_io.o(.revsh_text), (4 bytes).
    Removing tft.o(.rev16_text), (4 bytes).
    Removing tft.o(.revsh_text), (4 bytes).
    Removing ti_board_adc.o(.rev16_text), (4 bytes).
    Removing ti_board_adc.o(.revsh_text), (4 bytes).
    Removing ti_board_adc.o(.text), (260 bytes).
    Removing ti_board_adc.o(.data), (4 bytes).
    Removing stm32f4xx_it.o(.rev16_text), (4 bytes).
    Removing stm32f4xx_it.o(.revsh_text), (4 bytes).
    Removing main.o(.rev16_text), (4 bytes).
    Removing main.o(.revsh_text), (4 bytes).
    Removing sieb.o(.rev16_text), (4 bytes).
    Removing sieb.o(.revsh_text), (4 bytes).
    Removing ausg.o(.rev16_text), (4 bytes).
    Removing ausg.o(.revsh_text), (4 bytes).
    Removing system_stm32f4xx.o(.rev16_text), (4 bytes).
    Removing system_stm32f4xx.o(.revsh_text), (4 bytes).
    Removing stm32f4xx_gpio.o(.rev16_text), (4 bytes).
    Removing stm32f4xx_gpio.o(.revsh_text), (4 bytes).
    Removing stm32f4xx_rcc.o(.rev16_text), (4 bytes).
    Removing stm32f4xx_rcc.o(.revsh_text), (4 bytes).
    Removing stm32f4xx_usart.o(.rev16_text), (4 bytes).
    Removing stm32f4xx_usart.o(.revsh_text), (4 bytes).
    Removing misc.o(.rev16_text), (4 bytes).
    Removing misc.o(.revsh_text), (4 bytes).
    Removing stm32f4xx_adc.o(.rev16_text), (4 bytes).
    Removing stm32f4xx_adc.o(.revsh_text), (4 bytes).
    Removing stm32f4xx_adc.o(.text), (4176 bytes).
    Removing stm32f4xx_dma.o(.rev16_text), (4 bytes).
    Removing stm32f4xx_dma.o(.revsh_text), (4 bytes).
    Removing stm32f4xx_dma.o(.text), (5020 bytes).

38 unused section(s) (total 9596 bytes) removed from the image.

==============================================================================

Image Symbol Table

    Local Symbols

    Symbol Name                              Value     Ov Type        Size  Object(Section)

    ../clib/angel/boardlib.s                 0x00000000   Number         0  boardinit2.o ABSOLUTE
    ../clib/angel/boardlib.s                 0x00000000   Number         0  boardshut.o ABSOLUTE
    ../clib/angel/boardlib.s                 0x00000000   Number         0  boardinit3.o ABSOLUTE
    ../clib/angel/boardlib.s                 0x00000000   Number         0  boardinit1.o ABSOLUTE
    ../clib/angel/handlers.s                 0x00000000   Number         0  __scatter_copy.o ABSOLUTE
    ../clib/angel/handlers.s                 0x00000000   Number         0  __scatter_zi.o ABSOLUTE
    ../clib/angel/kernel.s                   0x00000000   Number         0  rtentry2.o ABSOLUTE
    ../clib/angel/kernel.s                   0x00000000   Number         0  rtentry.o ABSOLUTE
    ../clib/angel/kernel.s                   0x00000000   Number         0  rtexit2.o ABSOLUTE
    ../clib/angel/kernel.s                   0x00000000   Number         0  rtexit.o ABSOLUTE
    ../clib/angel/kernel.s                   0x00000000   Number         0  rtentry4.o ABSOLUTE
    ../clib/angel/rt.s                       0x00000000   Number         0  rt_errno_addr_intlibspace.o ABSOLUTE
    ../clib/angel/rt.s                       0x00000000   Number         0  rt_errno_addr.o ABSOLUTE
    ../clib/angel/rt.s                       0x00000000   Number         0  rt_raise.o ABSOLUTE
    ../clib/angel/scatter.s                  0x00000000   Number         0  __scatter.o ABSOLUTE
    ../clib/angel/startup.s                  0x00000000   Number         0  __main.o ABSOLUTE
    ../clib/angel/sys.s                      0x00000000   Number         0  sys_stackheap_outer.o ABSOLUTE
    ../clib/angel/sys.s                      0x00000000   Number         0  indicate_semi.o ABSOLUTE
    ../clib/angel/sys.s                      0x00000000   Number         0  use_no_semi.o ABSOLUTE
    ../clib/angel/sys.s                      0x00000000   Number         0  libspace.o ABSOLUTE
    ../clib/angel/sysapp.c                   0x00000000   Number         0  sys_command.o ABSOLUTE
    ../clib/armsys.c                         0x00000000   Number         0  argv_veneer.o ABSOLUTE
    ../clib/armsys.c                         0x00000000   Number         0  _get_argv_nomalloc.o ABSOLUTE
    ../clib/armsys.c                         0x00000000   Number         0  no_argv.o ABSOLUTE
    ../clib/armsys.c                         0x00000000   Number         0  argv_veneer.o ABSOLUTE
    ../clib/fenv.c                           0x00000000   Number         0  _rserrno.o ABSOLUTE
    ../clib/heapalloc.c                      0x00000000   Number         0  hrguard.o ABSOLUTE
    ../clib/heapaux.c                        0x00000000   Number         0  heapauxi.o ABSOLUTE
    ../clib/libinit.s                        0x00000000   Number         0  libshutdown.o ABSOLUTE
    ../clib/libinit.s                        0x00000000   Number         0  libinit2.o ABSOLUTE
    ../clib/libinit.s                        0x00000000   Number         0  libinit.o ABSOLUTE
    ../clib/libinit.s                        0x00000000   Number         0  libshutdown2.o ABSOLUTE
    ../clib/printf.c                         0x00000000   Number         0  noretval__2printf.o ABSOLUTE
    ../clib/printf.c                         0x00000000   Number         0  __printf_flags.o ABSOLUTE
    ../clib/printf.c                         0x00000000   Number         0  _printf_dec.o ABSOLUTE
    ../clib/printf.c                         0x00000000   Number         0  __printf_ss_wp.o ABSOLUTE
    ../clib/printf.c                         0x00000000   Number         0  __printf_nopercent.o ABSOLUTE
    ../clib/printf.c                         0x00000000   Number         0  __printf_ss.o ABSOLUTE
    ../clib/printf.c                         0x00000000   Number         0  __printf_flags_ss.o ABSOLUTE
    ../clib/printf.c                         0x00000000   Number         0  __printf.o ABSOLUTE
    ../clib/printf.c                         0x00000000   Number         0  __2printf.o ABSOLUTE
    ../clib/printf.c                         0x00000000   Number         0  __printf_wp.o ABSOLUTE
    ../clib/printf.c                         0x00000000   Number         0  noretval__2sprintf.o ABSOLUTE
    ../clib/printf.c                         0x00000000   Number         0  __printf_flags_wp.o ABSOLUTE
    ../clib/printf.c                         0x00000000   Number         0  _printf_char_file.o ABSOLUTE
    ../clib/printf.c                         0x00000000   Number         0  _sputc.o ABSOLUTE
    ../clib/printf.c                         0x00000000   Number         0  _printf_char_common.o ABSOLUTE
    ../clib/printf.c                         0x00000000   Number         0  __printf_flags_ss_wp.o ABSOLUTE
    ../clib/printf.c                         0x00000000   Number         0  _printf_intcommon.o ABSOLUTE
    ../clib/printf.c                         0x00000000   Number         0  __2sprintf.o ABSOLUTE
    ../clib/printf_percent.s                 0x00000000   Number         0  _printf_i.o ABSOLUTE
    ../clib/printf_percent.s                 0x00000000   Number         0  _printf_u.o ABSOLUTE
    ../clib/printf_percent.s                 0x00000000   Number         0  _printf_percent.o ABSOLUTE
    ../clib/printf_percent.s                 0x00000000   Number         0  _printf_percent_end.o ABSOLUTE
    ../clib/printf_percent.s                 0x00000000   Number         0  _printf_d.o ABSOLUTE
    ../clib/signal.c                         0x00000000   Number         0  defsig_rtmem_inner.o ABSOLUTE
    ../clib/signal.c                         0x00000000   Number         0  __raise.o ABSOLUTE
    ../clib/signal.c                         0x00000000   Number         0  defsig_general.o ABSOLUTE
    ../clib/signal.c                         0x00000000   Number         0  defsig_cppl_inner.o ABSOLUTE
    ../clib/signal.c                         0x00000000   Number         0  defsig_exit.o ABSOLUTE
    ../clib/signal.c                         0x00000000   Number         0  defsig_abrt_inner.o ABSOLUTE
    ../clib/signal.c                         0x00000000   Number         0  defsig_fpe_inner.o ABSOLUTE
    ../clib/signal.c                         0x00000000   Number         0  defsig_rtred_inner.o ABSOLUTE
    ../clib/signal.c                         0x00000000   Number         0  defsig_other.o ABSOLUTE
    ../clib/signal.c                         0x00000000   Number         0  defsig_stak_inner.o ABSOLUTE
    ../clib/signal.c                         0x00000000   Number         0  defsig_pvfn_inner.o ABSOLUTE
    ../clib/signal.c                         0x00000000   Number         0  defsig_rtmem_formal.o ABSOLUTE
    ../clib/signal.c                         0x00000000   Number         0  defsig_rtmem_outer.o ABSOLUTE
    ../clib/signal.c                         0x00000000   Number         0  defsig_segv_inner.o ABSOLUTE
    ../clib/signal.s                         0x00000000   Number         0  defsig.o ABSOLUTE
    ../clib/stdlib.c                         0x00000000   Number         0  exit.o ABSOLUTE
    ../clib/string.c                         0x00000000   Number         0  strlen.o ABSOLUTE
    ../fplib/dcmpi.s                         0x00000000   Number         0  dcmpi.o ABSOLUTE
    ../fplib/dfix.s                          0x00000000   Number         0  dfix.o ABSOLUTE
    ../fplib/dleqf.s                         0x00000000   Number         0  dleqf.o ABSOLUTE
    ../fplib/dnaninf.s                       0x00000000   Number         0  dnaninf.o ABSOLUTE
    ../fplib/dsqrt.s                         0x00000000   Number         0  dsqrt_umaal.o ABSOLUTE
    ../fplib/fpinit.s                        0x00000000   Number         0  fpinit.o ABSOLUTE
    ../fplib/usenofp.s                       0x00000000   Number         0  usenofp.o ABSOLUTE
    ../mathlib/sqrt.c                        0x00000000   Number         0  sqrt.o ABSOLUTE
    ../mathlib/sqrt.c                        0x00000000   Number         0  sqrt_x.o ABSOLUTE
    Retarget.c                               0x00000000   Number         0  retarget.o ABSOLUTE
    Retarget.c                               0x00000000   Number         0  retarget.o ABSOLUTE
    TI_Board_ADC.c                           0x00000000   Number         0  ti_board_adc.o ABSOLUTE
    TI_Board_ADC.c                           0x00000000   Number         0  ti_board_adc.o ABSOLUTE
    TI_Board_IO.c                            0x00000000   Number         0  ti_board_io.o ABSOLUTE
    TI_Board_IO.c                            0x00000000   Number         0  ti_board_io.o ABSOLUTE
    TI_Lib.c                                 0x00000000   Number         0  ti_lib.o ABSOLUTE
    TI_Lib.c                                 0x00000000   Number         0  ti_lib.o ABSOLUTE
    Usart.c                                  0x00000000   Number         0  usart.o ABSOLUTE
    Usart.c                                  0x00000000   Number         0  usart.o ABSOLUTE
    ausg.c                                   0x00000000   Number         0  ausg.o ABSOLUTE
    ausg.c                                   0x00000000   Number         0  ausg.o ABSOLUTE
    dc.s                                     0x00000000   Number         0  dc.o ABSOLUTE
    main.c                                   0x00000000   Number         0  main.o ABSOLUTE
    main.c                                   0x00000000   Number         0  main.o ABSOLUTE
    misc.c                                   0x00000000   Number         0  misc.o ABSOLUTE
    misc.c                                   0x00000000   Number         0  misc.o ABSOLUTE
    sieb.c                                   0x00000000   Number         0  sieb.o ABSOLUTE
    sieb.c                                   0x00000000   Number         0  sieb.o ABSOLUTE
    startup_stm32f4xx.s                      0x00000000   Number         0  startup_stm32f4xx.o ABSOLUTE
    stm32f4xx_adc.c                          0x00000000   Number         0  stm32f4xx_adc.o ABSOLUTE
    stm32f4xx_adc.c                          0x00000000   Number         0  stm32f4xx_adc.o ABSOLUTE
    stm32f4xx_dma.c                          0x00000000   Number         0  stm32f4xx_dma.o ABSOLUTE
    stm32f4xx_dma.c                          0x00000000   Number         0  stm32f4xx_dma.o ABSOLUTE
    stm32f4xx_gpio.c                         0x00000000   Number         0  stm32f4xx_gpio.o ABSOLUTE
    stm32f4xx_gpio.c                         0x00000000   Number         0  stm32f4xx_gpio.o ABSOLUTE
    stm32f4xx_it.c                           0x00000000   Number         0  stm32f4xx_it.o ABSOLUTE
    stm32f4xx_it.c                           0x00000000   Number         0  stm32f4xx_it.o ABSOLUTE
    stm32f4xx_rcc.c                          0x00000000   Number         0  stm32f4xx_rcc.o ABSOLUTE
    stm32f4xx_rcc.c                          0x00000000   Number         0  stm32f4xx_rcc.o ABSOLUTE
    stm32f4xx_usart.c                        0x00000000   Number         0  stm32f4xx_usart.o ABSOLUTE
    stm32f4xx_usart.c                        0x00000000   Number         0  stm32f4xx_usart.o ABSOLUTE
    system_stm32f4xx.c                       0x00000000   Number         0  system_stm32f4xx.o ABSOLUTE
    system_stm32f4xx.c                       0x00000000   Number         0  system_stm32f4xx.o ABSOLUTE
    tft.c                                    0x00000000   Number         0  tft.o ABSOLUTE
    tft.c                                    0x00000000   Number         0  tft.o ABSOLUTE
    RESET                                    0x08000000   Section      392  startup_stm32f4xx.o(RESET)
    !!!main                                  0x08000188   Section        8  __main.o(!!!main)
    !!!scatter                               0x08000190   Section       52  __scatter.o(!!!scatter)
    !!handler_copy                           0x080001c4   Section       26  __scatter_copy.o(!!handler_copy)
    !!handler_zi                             0x080001e0   Section       28  __scatter_zi.o(!!handler_zi)
    .ARM.Collect$$_printf_percent$$00000000  0x080001fc   Section        0  _printf_percent.o(.ARM.Collect$$_printf_percent$$00000000)
    .ARM.Collect$$_printf_percent$$00000008  0x080001fc   Section        6  _printf_i.o(.ARM.Collect$$_printf_percent$$00000008)
    .ARM.Collect$$_printf_percent$$00000009  0x08000202   Section        6  _printf_d.o(.ARM.Collect$$_printf_percent$$00000009)
    .ARM.Collect$$_printf_percent$$0000000A  0x08000208   Section        6  _printf_u.o(.ARM.Collect$$_printf_percent$$0000000A)
    .ARM.Collect$$_printf_percent$$00000017  0x0800020e   Section        4  _printf_percent_end.o(.ARM.Collect$$_printf_percent$$00000017)
    .ARM.Collect$$libinit$$00000000          0x08000212   Section        2  libinit.o(.ARM.Collect$$libinit$$00000000)
    .ARM.Collect$$libinit$$00000001          0x08000214   Section        4  libinit2.o(.ARM.Collect$$libinit$$00000001)
    .ARM.Collect$$libinit$$00000008          0x08000218   Section        0  libinit2.o(.ARM.Collect$$libinit$$00000008)
    .ARM.Collect$$libinit$$0000000A          0x08000218   Section        0  libinit2.o(.ARM.Collect$$libinit$$0000000A)
    .ARM.Collect$$libinit$$0000000C          0x08000218   Section        0  libinit2.o(.ARM.Collect$$libinit$$0000000C)
    .ARM.Collect$$libinit$$0000000F          0x08000218   Section        0  libinit2.o(.ARM.Collect$$libinit$$0000000F)
    .ARM.Collect$$libinit$$00000011          0x08000218   Section        0  libinit2.o(.ARM.Collect$$libinit$$00000011)
    .ARM.Collect$$libinit$$00000013          0x08000218   Section        0  libinit2.o(.ARM.Collect$$libinit$$00000013)
    .ARM.Collect$$libinit$$00000015          0x08000218   Section        0  libinit2.o(.ARM.Collect$$libinit$$00000015)
    .ARM.Collect$$libinit$$00000017          0x08000218   Section        0  libinit2.o(.ARM.Collect$$libinit$$00000017)
    .ARM.Collect$$libinit$$00000019          0x08000218   Section        0  libinit2.o(.ARM.Collect$$libinit$$00000019)
    .ARM.Collect$$libinit$$0000001B          0x08000218   Section        0  libinit2.o(.ARM.Collect$$libinit$$0000001B)
    .ARM.Collect$$libinit$$0000001D          0x08000218   Section        0  libinit2.o(.ARM.Collect$$libinit$$0000001D)
    .ARM.Collect$$libinit$$0000001F          0x08000218   Section        0  libinit2.o(.ARM.Collect$$libinit$$0000001F)
    .ARM.Collect$$libinit$$00000021          0x08000218   Section        0  libinit2.o(.ARM.Collect$$libinit$$00000021)
    .ARM.Collect$$libinit$$00000023          0x08000218   Section        0  libinit2.o(.ARM.Collect$$libinit$$00000023)
    .ARM.Collect$$libinit$$0000002A          0x08000218   Section        0  libinit2.o(.ARM.Collect$$libinit$$0000002A)
    .ARM.Collect$$libinit$$0000002C          0x08000218   Section        0  libinit2.o(.ARM.Collect$$libinit$$0000002C)
    .ARM.Collect$$libinit$$0000002E          0x08000218   Section        0  libinit2.o(.ARM.Collect$$libinit$$0000002E)
    .ARM.Collect$$libinit$$00000030          0x08000218   Section        0  libinit2.o(.ARM.Collect$$libinit$$00000030)
    .ARM.Collect$$libinit$$00000031          0x08000218   Section        2  libinit2.o(.ARM.Collect$$libinit$$00000031)
    .ARM.Collect$$libshutdown$$00000000      0x0800021a   Section        2  libshutdown.o(.ARM.Collect$$libshutdown$$00000000)
    .ARM.Collect$$libshutdown$$00000003      0x0800021c   Section        0  libshutdown2.o(.ARM.Collect$$libshutdown$$00000003)
    .ARM.Collect$$libshutdown$$00000006      0x0800021c   Section        0  libshutdown2.o(.ARM.Collect$$libshutdown$$00000006)
    .ARM.Collect$$libshutdown$$00000009      0x0800021c   Section        0  libshutdown2.o(.ARM.Collect$$libshutdown$$00000009)
    .ARM.Collect$$libshutdown$$0000000B      0x0800021c   Section        0  libshutdown2.o(.ARM.Collect$$libshutdown$$0000000B)
    .ARM.Collect$$libshutdown$$0000000E      0x0800021c   Section        0  libshutdown2.o(.ARM.Collect$$libshutdown$$0000000E)
    .ARM.Collect$$libshutdown$$0000000F      0x0800021c   Section        2  libshutdown2.o(.ARM.Collect$$libshutdown$$0000000F)
    .ARM.Collect$$rtentry$$00000000          0x0800021e   Section        0  rtentry.o(.ARM.Collect$$rtentry$$00000000)
    .ARM.Collect$$rtentry$$00000002          0x0800021e   Section        0  rtentry2.o(.ARM.Collect$$rtentry$$00000002)
    .ARM.Collect$$rtentry$$00000004          0x0800021e   Section        6  rtentry4.o(.ARM.Collect$$rtentry$$00000004)
    .ARM.Collect$$rtentry$$00000009          0x08000224   Section        0  rtentry2.o(.ARM.Collect$$rtentry$$00000009)
    .ARM.Collect$$rtentry$$0000000A          0x08000224   Section        4  rtentry2.o(.ARM.Collect$$rtentry$$0000000A)
    .ARM.Collect$$rtentry$$0000000C          0x08000228   Section        0  rtentry2.o(.ARM.Collect$$rtentry$$0000000C)
    .ARM.Collect$$rtentry$$0000000D          0x08000228   Section        8  rtentry2.o(.ARM.Collect$$rtentry$$0000000D)
    .ARM.Collect$$rtexit$$00000000           0x08000230   Section        2  rtexit.o(.ARM.Collect$$rtexit$$00000000)
    .ARM.Collect$$rtexit$$00000002           0x08000232   Section        0  rtexit2.o(.ARM.Collect$$rtexit$$00000002)
    .ARM.Collect$$rtexit$$00000003           0x08000232   Section        4  rtexit2.o(.ARM.Collect$$rtexit$$00000003)
    .ARM.Collect$$rtexit$$00000004           0x08000236   Section        6  rtexit2.o(.ARM.Collect$$rtexit$$00000004)
    .text                                    0x0800023c   Section       80  startup_stm32f4xx.o(.text)
    $v0                                      0x0800023c   Number         0  startup_stm32f4xx.o(.text)
    .text                                    0x0800028c   Section        0  ti_lib.o(.text)
    .text                                    0x080002f0   Section        0  usart.o(.text)
    .text                                    0x080004d8   Section        0  retarget.o(.text)
    .text                                    0x0800054c   Section        0  ti_board_io.o(.text)
    .text                                    0x080007dc   Section        0  tft.o(.text)
    .text                                    0x080013cc   Section        0  stm32f4xx_it.o(.text)
    .text                                    0x080013ec   Section        0  main.o(.text)
    .text                                    0x08001430   Section        0  sieb.o(.text)
    .text                                    0x0800156c   Section        0  ausg.o(.text)
    .text                                    0x080015c8   Section        0  system_stm32f4xx.o(.text)
    SetSysClock                              0x080015c9   Thumb Code   220  system_stm32f4xx.o(.text)
    .text                                    0x080017d8   Section        0  stm32f4xx_gpio.o(.text)
    .text                                    0x080020c8   Section        0  stm32f4xx_rcc.o(.text)
    .text                                    0x08002e18   Section        0  stm32f4xx_usart.o(.text)
    .text                                    0x08003ca4   Section        0  misc.o(.text)
    .text                                    0x08003e68   Section        0  noretval__2printf.o(.text)
    .text                                    0x08003e80   Section        0  noretval__2sprintf.o(.text)
    .text                                    0x08003ea8   Section        0  __printf.o(.text)
    .text                                    0x08003f10   Section        0  _printf_dec.o(.text)
    .text                                    0x08003f84   Section        0  strlen.o(.text)
    .text                                    0x08003fc2   Section        0  heapauxi.o(.text)
    .text                                    0x08003fc8   Section        0  _rserrno.o(.text)
    .text                                    0x08003fde   Section        0  _printf_intcommon.o(.text)
    .text                                    0x08004090   Section        0  _printf_char_common.o(.text)
    _printf_input_char                       0x08004091   Thumb Code    10  _printf_char_common.o(.text)
    .text                                    0x080040c0   Section        0  _sputc.o(.text)
    .text                                    0x080040cc   Section        0  _printf_char_file.o(.text)
    .text                                    0x080040f0   Section        8  rt_errno_addr_intlibspace.o(.text)
    .text                                    0x080040f8   Section        8  libspace.o(.text)
    .text                                    0x08004100   Section       74  sys_stackheap_outer.o(.text)
    .text                                    0x0800414a   Section        0  exit.o(.text)
    i.__hardfp_sqrt                          0x08004156   Section        0  sqrt.o(i.__hardfp_sqrt)
    x$fpl$dfix                               0x080041d0   Section       94  dfix.o(x$fpl$dfix)
    $v0                                      0x080041d0   Number         0  dfix.o(x$fpl$dfix)
    x$fpl$dnaninf                            0x0800422e   Section      156  dnaninf.o(x$fpl$dnaninf)
    $v0                                      0x0800422e   Number         0  dnaninf.o(x$fpl$dnaninf)
    x$fpl$dsqrt                              0x080042cc   Section      408  dsqrt_umaal.o(x$fpl$dsqrt)
    $v0                                      0x080042cc   Number         0  dsqrt_umaal.o(x$fpl$dsqrt)
    x$fpl$fpinit                             0x08004464   Section       10  fpinit.o(x$fpl$fpinit)
    $v0                                      0x08004464   Number         0  fpinit.o(x$fpl$fpinit)
    x$fpl$usenofp                            0x0800446e   Section        0  usenofp.o(x$fpl$usenofp)
    .data                                    0x20000000   Section        8  ti_lib.o(.data)
    TimingDelay                              0x20000000   Data           4  ti_lib.o(.data)
    uptime                                   0x20000004   Data           4  ti_lib.o(.data)
    .data                                    0x20000008   Section        4  usart.o(.data)
    tx_restart                               0x20000008   Data           4  usart.o(.data)
    .data                                    0x2000000c   Section        8  retarget.o(.data)
    .data                                    0x20000014   Section       12  main.o(.data)
    .data                                    0x20000020   Section       20  system_stm32f4xx.o(.data)
    .data                                    0x20000034   Section       16  stm32f4xx_rcc.o(.data)
    APBAHBPrescTable                         0x20000034   Data          16  stm32f4xx_rcc.o(.data)
    .bss                                     0x20000044   Section      528  usart.o(.bss)
    rbuf                                     0x20000044   Data         264  usart.o(.bss)
    tbuf                                     0x2000014c   Data         264  usart.o(.bss)
    .bss                                     0x20000254   Section      262  tft.o(.bss)
    cmd                                      0x20000254   Data         262  tft.o(.bss)
    .bss                                     0x2000035a   Section      100  sieb.o(.bss)
    .bss                                     0x200003c0   Section       96  libspace.o(.bss)
    HEAP                                     0x20000420   Section    32768  startup_stm32f4xx.o(HEAP)
    Heap_Mem                                 0x20000420   Data       32768  startup_stm32f4xx.o(HEAP)
    STACK                                    0x20008420   Section     4096  startup_stm32f4xx.o(STACK)
    Stack_Mem                                0x20008420   Data        4096  startup_stm32f4xx.o(STACK)
    __initial_sp                             0x20009420   Data           0  startup_stm32f4xx.o(STACK)

    Global Symbols

    Symbol Name                              Value     Ov Type        Size  Object(Section)

    BuildAttributes$$THM_ISAv4$E$P$D$K$B$S$7EM$VFPi3$EXTD16$VFPS$VFMA$PE$A:L22UL41UL21$X:L11$S22US41US21$IEEE1$IW$USESV6$~STKCKD$USESV7$~SHL$OTIME$ROPI$IEEEJ$EBA8$UX$STANDARDLIB$REQ8$PRES8$EABIv2 0x00000000   Number         0  anon$$obj.o ABSOLUTE
    __ARM_use_no_argv                        0x00000000   Number         0  main.o ABSOLUTE
    __ARM_exceptions_init                     - Undefined Weak Reference
    __alloca_initialize                       - Undefined Weak Reference
    __cpp_initialize__aeabi_                  - Undefined Weak Reference
    __cxa_finalize                            - Undefined Weak Reference
    __rt_locale                               - Undefined Weak Reference
    __sigvec_lookup                           - Undefined Weak Reference
    _atexit_init                              - Undefined Weak Reference
    _call_atexit_fns                          - Undefined Weak Reference
    _clock_init                               - Undefined Weak Reference
    _fp_trap_init                             - Undefined Weak Reference
    _fp_trap_shutdown                         - Undefined Weak Reference
    _get_lc_collate                           - Undefined Weak Reference
    _get_lc_ctype                             - Undefined Weak Reference
    _get_lc_monetary                          - Undefined Weak Reference
    _get_lc_numeric                           - Undefined Weak Reference
    _get_lc_time                              - Undefined Weak Reference
    _getenv_init                              - Undefined Weak Reference
    _handle_redirection                       - Undefined Weak Reference
    _init_alloc                               - Undefined Weak Reference
    _init_user_alloc                          - Undefined Weak Reference
    _initio                                   - Undefined Weak Reference
    _printf_post_padding                      - Undefined Weak Reference
    _printf_pre_padding                       - Undefined Weak Reference
    _printf_truncate_signed                   - Undefined Weak Reference
    _printf_truncate_unsigned                 - Undefined Weak Reference
    _rand_init                                - Undefined Weak Reference
    _signal_finish                            - Undefined Weak Reference
    _signal_init                              - Undefined Weak Reference
    _terminate_alloc                          - Undefined Weak Reference
    _terminate_user_alloc                     - Undefined Weak Reference
    _terminateio                              - Undefined Weak Reference
    __Vectors_Size                           0x00000188   Number         0  startup_stm32f4xx.o ABSOLUTE
    __Vectors                                0x08000000   Data           4  startup_stm32f4xx.o(RESET)
    __Vectors_End                            0x08000188   Data           0  startup_stm32f4xx.o(RESET)
    __main                                   0x08000189   Thumb Code     8  __main.o(!!!main)
    __scatterload                            0x08000191   Thumb Code     0  __scatter.o(!!!scatter)
    __scatterload_rt2                        0x08000191   Thumb Code    44  __scatter.o(!!!scatter)
    __scatterload_rt2_thumb_only             0x08000191   Thumb Code     0  __scatter.o(!!!scatter)
    __scatterload_null                       0x0800019f   Thumb Code     0  __scatter.o(!!!scatter)
    __scatterload_copy                       0x080001c5   Thumb Code    26  __scatter_copy.o(!!handler_copy)
    __scatterload_zeroinit                   0x080001e1   Thumb Code    28  __scatter_zi.o(!!handler_zi)
    _printf_i                                0x080001fd   Thumb Code     0  _printf_i.o(.ARM.Collect$$_printf_percent$$00000008)
    _printf_percent                          0x080001fd   Thumb Code     0  _printf_percent.o(.ARM.Collect$$_printf_percent$$00000000)
    _printf_d                                0x08000203   Thumb Code     0  _printf_d.o(.ARM.Collect$$_printf_percent$$00000009)
    _printf_u                                0x08000209   Thumb Code     0  _printf_u.o(.ARM.Collect$$_printf_percent$$0000000A)
    _printf_percent_end                      0x0800020f   Thumb Code     0  _printf_percent_end.o(.ARM.Collect$$_printf_percent$$00000017)
    __rt_lib_init                            0x08000213   Thumb Code     0  libinit.o(.ARM.Collect$$libinit$$00000000)
    __rt_lib_init_fp_1                       0x08000215   Thumb Code     0  libinit2.o(.ARM.Collect$$libinit$$00000001)
    __rt_lib_init_alloca_1                   0x08000219   Thumb Code     0  libinit2.o(.ARM.Collect$$libinit$$0000002C)
    __rt_lib_init_argv_1                     0x08000219   Thumb Code     0  libinit2.o(.ARM.Collect$$libinit$$0000002A)
    __rt_lib_init_atexit_1                   0x08000219   Thumb Code     0  libinit2.o(.ARM.Collect$$libinit$$00000019)
    __rt_lib_init_clock_1                    0x08000219   Thumb Code     0  libinit2.o(.ARM.Collect$$libinit$$0000001F)
    __rt_lib_init_cpp_1                      0x08000219   Thumb Code     0  libinit2.o(.ARM.Collect$$libinit$$00000030)
    __rt_lib_init_exceptions_1               0x08000219   Thumb Code     0  libinit2.o(.ARM.Collect$$libinit$$0000002E)
    __rt_lib_init_fp_trap_1                  0x08000219   Thumb Code     0  libinit2.o(.ARM.Collect$$libinit$$0000001D)
    __rt_lib_init_getenv_1                   0x08000219   Thumb Code     0  libinit2.o(.ARM.Collect$$libinit$$00000021)
    __rt_lib_init_heap_1                     0x08000219   Thumb Code     0  libinit2.o(.ARM.Collect$$libinit$$00000008)
    __rt_lib_init_lc_collate_1               0x08000219   Thumb Code     0  libinit2.o(.ARM.Collect$$libinit$$0000000F)
    __rt_lib_init_lc_ctype_1                 0x08000219   Thumb Code     0  libinit2.o(.ARM.Collect$$libinit$$00000011)
    __rt_lib_init_lc_monetary_1              0x08000219   Thumb Code     0  libinit2.o(.ARM.Collect$$libinit$$00000013)
    __rt_lib_init_lc_numeric_1               0x08000219   Thumb Code     0  libinit2.o(.ARM.Collect$$libinit$$00000015)
    __rt_lib_init_lc_time_1                  0x08000219   Thumb Code     0  libinit2.o(.ARM.Collect$$libinit$$00000017)
    __rt_lib_init_rand_1                     0x08000219   Thumb Code     0  libinit2.o(.ARM.Collect$$libinit$$0000000C)
    __rt_lib_init_return                     0x08000219   Thumb Code     0  libinit2.o(.ARM.Collect$$libinit$$00000031)
    __rt_lib_init_signal_1                   0x08000219   Thumb Code     0  libinit2.o(.ARM.Collect$$libinit$$0000001B)
    __rt_lib_init_stdio_1                    0x08000219   Thumb Code     0  libinit2.o(.ARM.Collect$$libinit$$00000023)
    __rt_lib_init_user_alloc_1               0x08000219   Thumb Code     0  libinit2.o(.ARM.Collect$$libinit$$0000000A)
    __rt_lib_shutdown                        0x0800021b   Thumb Code     0  libshutdown.o(.ARM.Collect$$libshutdown$$00000000)
    __rt_lib_shutdown_fp_trap_1              0x0800021d   Thumb Code     0  libshutdown2.o(.ARM.Collect$$libshutdown$$00000006)
    __rt_lib_shutdown_heap_1                 0x0800021d   Thumb Code     0  libshutdown2.o(.ARM.Collect$$libshutdown$$0000000E)
    __rt_lib_shutdown_return                 0x0800021d   Thumb Code     0  libshutdown2.o(.ARM.Collect$$libshutdown$$0000000F)
    __rt_lib_shutdown_signal_1               0x0800021d   Thumb Code     0  libshutdown2.o(.ARM.Collect$$libshutdown$$00000009)
    __rt_lib_shutdown_stdio_1                0x0800021d   Thumb Code     0  libshutdown2.o(.ARM.Collect$$libshutdown$$00000003)
    __rt_lib_shutdown_user_alloc_1           0x0800021d   Thumb Code     0  libshutdown2.o(.ARM.Collect$$libshutdown$$0000000B)
    __rt_entry                               0x0800021f   Thumb Code     0  rtentry.o(.ARM.Collect$$rtentry$$00000000)
    __rt_entry_presh_1                       0x0800021f   Thumb Code     0  rtentry2.o(.ARM.Collect$$rtentry$$00000002)
    __rt_entry_sh                            0x0800021f   Thumb Code     0  rtentry4.o(.ARM.Collect$$rtentry$$00000004)
    __rt_entry_li                            0x08000225   Thumb Code     0  rtentry2.o(.ARM.Collect$$rtentry$$0000000A)
    __rt_entry_postsh_1                      0x08000225   Thumb Code     0  rtentry2.o(.ARM.Collect$$rtentry$$00000009)
    __rt_entry_main                          0x08000229   Thumb Code     0  rtentry2.o(.ARM.Collect$$rtentry$$0000000D)
    __rt_entry_postli_1                      0x08000229   Thumb Code     0  rtentry2.o(.ARM.Collect$$rtentry$$0000000C)
    __rt_exit                                0x08000231   Thumb Code     0  rtexit.o(.ARM.Collect$$rtexit$$00000000)
    __rt_exit_ls                             0x08000233   Thumb Code     0  rtexit2.o(.ARM.Collect$$rtexit$$00000003)
    __rt_exit_prels_1                        0x08000233   Thumb Code     0  rtexit2.o(.ARM.Collect$$rtexit$$00000002)
    __rt_exit_exit                           0x08000237   Thumb Code     0  rtexit2.o(.ARM.Collect$$rtexit$$00000004)
    Reset_Handler                            0x0800023d   Thumb Code    18  startup_stm32f4xx.o(.text)
    ADC_IRQHandler                           0x08000261   Thumb Code     0  startup_stm32f4xx.o(.text)
    CAN1_RX0_IRQHandler                      0x08000261   Thumb Code     0  startup_stm32f4xx.o(.text)
    CAN1_RX1_IRQHandler                      0x08000261   Thumb Code     0  startup_stm32f4xx.o(.text)
    CAN1_SCE_IRQHandler                      0x08000261   Thumb Code     0  startup_stm32f4xx.o(.text)
    CAN1_TX_IRQHandler                       0x08000261   Thumb Code     0  startup_stm32f4xx.o(.text)
    CAN2_RX0_IRQHandler                      0x08000261   Thumb Code     0  startup_stm32f4xx.o(.text)
    CAN2_RX1_IRQHandler                      0x08000261   Thumb Code     0  startup_stm32f4xx.o(.text)
    CAN2_SCE_IRQHandler                      0x08000261   Thumb Code     0  startup_stm32f4xx.o(.text)
    CAN2_TX_IRQHandler                       0x08000261   Thumb Code     0  startup_stm32f4xx.o(.text)
    CRYP_IRQHandler                          0x08000261   Thumb Code     0  startup_stm32f4xx.o(.text)
    DCMI_IRQHandler                          0x08000261   Thumb Code     0  startup_stm32f4xx.o(.text)
    DMA1_Stream0_IRQHandler                  0x08000261   Thumb Code     0  startup_stm32f4xx.o(.text)
    DMA1_Stream1_IRQHandler                  0x08000261   Thumb Code     0  startup_stm32f4xx.o(.text)
    DMA1_Stream2_IRQHandler                  0x08000261   Thumb Code     0  startup_stm32f4xx.o(.text)
    DMA1_Stream3_IRQHandler                  0x08000261   Thumb Code     0  startup_stm32f4xx.o(.text)
    DMA1_Stream4_IRQHandler                  0x08000261   Thumb Code     0  startup_stm32f4xx.o(.text)
    DMA1_Stream5_IRQHandler                  0x08000261   Thumb Code     0  startup_stm32f4xx.o(.text)
    DMA1_Stream6_IRQHandler                  0x08000261   Thumb Code     0  startup_stm32f4xx.o(.text)
    DMA1_Stream7_IRQHandler                  0x08000261   Thumb Code     0  startup_stm32f4xx.o(.text)
    DMA2_Stream0_IRQHandler                  0x08000261   Thumb Code     0  startup_stm32f4xx.o(.text)
    DMA2_Stream1_IRQHandler                  0x08000261   Thumb Code     0  startup_stm32f4xx.o(.text)
    DMA2_Stream2_IRQHandler                  0x08000261   Thumb Code     0  startup_stm32f4xx.o(.text)
    DMA2_Stream3_IRQHandler                  0x08000261   Thumb Code     0  startup_stm32f4xx.o(.text)
    DMA2_Stream4_IRQHandler                  0x08000261   Thumb Code     0  startup_stm32f4xx.o(.text)
    DMA2_Stream5_IRQHandler                  0x08000261   Thumb Code     0  startup_stm32f4xx.o(.text)
    DMA2_Stream6_IRQHandler                  0x08000261   Thumb Code     0  startup_stm32f4xx.o(.text)
    DMA2_Stream7_IRQHandler                  0x08000261   Thumb Code     0  startup_stm32f4xx.o(.text)
    ETH_IRQHandler                           0x08000261   Thumb Code     0  startup_stm32f4xx.o(.text)
    ETH_WKUP_IRQHandler                      0x08000261   Thumb Code     0  startup_stm32f4xx.o(.text)
    EXTI0_IRQHandler                         0x08000261   Thumb Code     0  startup_stm32f4xx.o(.text)
    EXTI15_10_IRQHandler                     0x08000261   Thumb Code     0  startup_stm32f4xx.o(.text)
    EXTI1_IRQHandler                         0x08000261   Thumb Code     0  startup_stm32f4xx.o(.text)
    EXTI2_IRQHandler                         0x08000261   Thumb Code     0  startup_stm32f4xx.o(.text)
    EXTI3_IRQHandler                         0x08000261   Thumb Code     0  startup_stm32f4xx.o(.text)
    EXTI4_IRQHandler                         0x08000261   Thumb Code     0  startup_stm32f4xx.o(.text)
    EXTI9_5_IRQHandler                       0x08000261   Thumb Code     0  startup_stm32f4xx.o(.text)
    FLASH_IRQHandler                         0x08000261   Thumb Code     0  startup_stm32f4xx.o(.text)
    FPU_IRQHandler                           0x08000261   Thumb Code     0  startup_stm32f4xx.o(.text)
    FSMC_IRQHandler                          0x08000261   Thumb Code     0  startup_stm32f4xx.o(.text)
    HASH_RNG_IRQHandler                      0x08000261   Thumb Code     0  startup_stm32f4xx.o(.text)
    I2C1_ER_IRQHandler                       0x08000261   Thumb Code     0  startup_stm32f4xx.o(.text)
    I2C1_EV_IRQHandler                       0x08000261   Thumb Code     0  startup_stm32f4xx.o(.text)
    I2C2_ER_IRQHandler                       0x08000261   Thumb Code     0  startup_stm32f4xx.o(.text)
    I2C2_EV_IRQHandler                       0x08000261   Thumb Code     0  startup_stm32f4xx.o(.text)
    I2C3_ER_IRQHandler                       0x08000261   Thumb Code     0  startup_stm32f4xx.o(.text)
    I2C3_EV_IRQHandler                       0x08000261   Thumb Code     0  startup_stm32f4xx.o(.text)
    OTG_FS_IRQHandler                        0x08000261   Thumb Code     0  startup_stm32f4xx.o(.text)
    OTG_FS_WKUP_IRQHandler                   0x08000261   Thumb Code     0  startup_stm32f4xx.o(.text)
    OTG_HS_EP1_IN_IRQHandler                 0x08000261   Thumb Code     0  startup_stm32f4xx.o(.text)
    OTG_HS_EP1_OUT_IRQHandler                0x08000261   Thumb Code     0  startup_stm32f4xx.o(.text)
    OTG_HS_IRQHandler                        0x08000261   Thumb Code     0  startup_stm32f4xx.o(.text)
    OTG_HS_WKUP_IRQHandler                   0x08000261   Thumb Code     0  startup_stm32f4xx.o(.text)
    PVD_IRQHandler                           0x08000261   Thumb Code     0  startup_stm32f4xx.o(.text)
    RCC_IRQHandler                           0x08000261   Thumb Code     0  startup_stm32f4xx.o(.text)
    RTC_Alarm_IRQHandler                     0x08000261   Thumb Code     0  startup_stm32f4xx.o(.text)
    RTC_WKUP_IRQHandler                      0x08000261   Thumb Code     0  startup_stm32f4xx.o(.text)
    SDIO_IRQHandler                          0x08000261   Thumb Code     0  startup_stm32f4xx.o(.text)
    SPI1_IRQHandler                          0x08000261   Thumb Code     0  startup_stm32f4xx.o(.text)
    SPI2_IRQHandler                          0x08000261   Thumb Code     0  startup_stm32f4xx.o(.text)
    SPI3_IRQHandler                          0x08000261   Thumb Code     0  startup_stm32f4xx.o(.text)
    TAMP_STAMP_IRQHandler                    0x08000261   Thumb Code     0  startup_stm32f4xx.o(.text)
    TIM1_BRK_TIM9_IRQHandler                 0x08000261   Thumb Code     0  startup_stm32f4xx.o(.text)
    TIM1_CC_IRQHandler                       0x08000261   Thumb Code     0  startup_stm32f4xx.o(.text)
    TIM1_TRG_COM_TIM11_IRQHandler            0x08000261   Thumb Code     0  startup_stm32f4xx.o(.text)
    TIM1_UP_TIM10_IRQHandler                 0x08000261   Thumb Code     0  startup_stm32f4xx.o(.text)
    TIM2_IRQHandler                          0x08000261   Thumb Code     0  startup_stm32f4xx.o(.text)
    TIM3_IRQHandler                          0x08000261   Thumb Code     0  startup_stm32f4xx.o(.text)
    TIM4_IRQHandler                          0x08000261   Thumb Code     0  startup_stm32f4xx.o(.text)
    TIM5_IRQHandler                          0x08000261   Thumb Code     0  startup_stm32f4xx.o(.text)
    TIM6_DAC_IRQHandler                      0x08000261   Thumb Code     0  startup_stm32f4xx.o(.text)
    TIM7_IRQHandler                          0x08000261   Thumb Code     0  startup_stm32f4xx.o(.text)
    TIM8_BRK_TIM12_IRQHandler                0x08000261   Thumb Code     0  startup_stm32f4xx.o(.text)
    TIM8_CC_IRQHandler                       0x08000261   Thumb Code     0  startup_stm32f4xx.o(.text)
    TIM8_TRG_COM_TIM14_IRQHandler            0x08000261   Thumb Code     0  startup_stm32f4xx.o(.text)
    TIM8_UP_TIM13_IRQHandler                 0x08000261   Thumb Code     0  startup_stm32f4xx.o(.text)
    UART4_IRQHandler                         0x08000261   Thumb Code     0  startup_stm32f4xx.o(.text)
    UART5_IRQHandler                         0x08000261   Thumb Code     0  startup_stm32f4xx.o(.text)
    USART2_IRQHandler                        0x08000261   Thumb Code     0  startup_stm32f4xx.o(.text)
    USART3_IRQHandler                        0x08000261   Thumb Code     0  startup_stm32f4xx.o(.text)
    USART6_IRQHandler                        0x08000261   Thumb Code     0  startup_stm32f4xx.o(.text)
    WWDG_IRQHandler                          0x08000261   Thumb Code     0  startup_stm32f4xx.o(.text)
    __user_initial_stackheap                 0x08000265   Thumb Code     0  startup_stm32f4xx.o(.text)
    Delay                                    0x0800028d   Thumb Code    20  ti_lib.o(.text)
    TimingDelay_Decrement                    0x080002a1   Thumb Code    28  ti_lib.o(.text)
    get_uptime                               0x080002bd   Thumb Code     6  ti_lib.o(.text)
    Init_TI_Board                            0x080002c3   Thumb Code    34  ti_lib.o(.text)
    assert_failed                            0x080002e5   Thumb Code     4  ti_lib.o(.text)
    USART1_Init                              0x080002f1   Thumb Code   196  usart.o(.text)
    USART1_IRQHandler                        0x080003b5   Thumb Code   138  usart.o(.text)
    USART1_Buffer_Init                       0x0800043f   Thumb Code    24  usart.o(.text)
    USART1_SendChar                          0x08000457   Thumb Code    70  usart.o(.text)
    USART1_GetKey                            0x0800049d   Thumb Code    38  usart.o(.text)
    fputc                                    0x080004d9   Thumb Code    42  retarget.o(.text)
    fgetc                                    0x08000503   Thumb Code    36  retarget.o(.text)
    ferror                                   0x08000527   Thumb Code     8  retarget.o(.text)
    _ttywrch                                 0x0800052f   Thumb Code    20  retarget.o(.text)
    _sys_exit                                0x08000543   Thumb Code     4  retarget.o(.text)
    Init_System_Clock                        0x0800054d   Thumb Code    94  ti_board_io.o(.text)
    Init_IO                                  0x080005ab   Thumb Code   136  ti_board_io.o(.text)
    Init_SPI                                 0x08000633   Thumb Code   384  ti_board_io.o(.text)
    TFT_send_data                            0x080007dd   Thumb Code   224  tft.o(.text)
    TFT_get_data                             0x080008bd   Thumb Code   328  tft.o(.text)
    TFT_touch_key_feedback                   0x08000a05   Thumb Code    72  tft.o(.text)
    TFT_putc                                 0x08000a4d   Thumb Code    30  tft.o(.text)
    TFT_cls                                  0x08000a6b   Thumb Code    10  tft.o(.text)
    TFT_terminal_on                          0x08000a75   Thumb Code    30  tft.o(.text)
    TFT_Init                                 0x08000a93   Thumb Code    20  tft.o(.text)
    TFT_release                              0x08000aa7   Thumb Code     2  tft.o(.text)
    TFT_terminal_off                         0x08000aa9   Thumb Code    30  tft.o(.text)
    TFT_cursor_on                            0x08000ac7   Thumb Code    36  tft.o(.text)
    TFT_cursor_off                           0x08000aeb   Thumb Code    36  tft.o(.text)
    TFT_gotoxy                               0x08000b0f   Thumb Code    46  tft.o(.text)
    TFT_set_brightness                       0x08000b3d   Thumb Code    38  tft.o(.text)
    TFT_buzzer_on                            0x08000b63   Thumb Code    38  tft.o(.text)
    TFT_buzzer_off                           0x08000b89   Thumb Code    36  tft.o(.text)
    TFT_newline                              0x08000bad   Thumb Code    10  tft.o(.text)
    TFT_carriage_return                      0x08000bb7   Thumb Code    10  tft.o(.text)
    TFT_set_font                             0x08000bc1   Thumb Code    48  tft.o(.text)
    TFT_set_font_color                       0x08000bf1   Thumb Code    44  tft.o(.text)
    TFT_set_window                           0x08000c1d   Thumb Code    78  tft.o(.text)
    TFT_set_graphic_color                    0x08000c6b   Thumb Code    44  tft.o(.text)
    TFT_set_pixel_color                      0x08000c97   Thumb Code    44  tft.o(.text)
    TFT_graphic_cls                          0x08000cc3   Thumb Code    30  tft.o(.text)
    TFT_set_graphic_text_color               0x08000ce1   Thumb Code    44  tft.o(.text)
    TFT_set_graphic_text_font                0x08000d0d   Thumb Code    38  tft.o(.text)
    TFT_graphic_puts                         0x08000d33   Thumb Code   166  tft.o(.text)
    TFT_graphic_puts_area                    0x08000dd9   Thumb Code   202  tft.o(.text)
    TFT_graphic_set_point                    0x08000ea3   Thumb Code    98  tft.o(.text)
    TFT_puts                                 0x08000f05   Thumb Code    20  tft.o(.text)
    TFT_bargraph_define                      0x08000f19   Thumb Code   254  tft.o(.text)
    TFT_bargraph_value                       0x08001017   Thumb Code    46  tft.o(.text)
    TFT_bargraph_fill_pattern                0x08001045   Thumb Code    38  tft.o(.text)
    TFT_bargraph_frame                       0x0800106b   Thumb Code    38  tft.o(.text)
    TFT_bargraph_color                       0x08001091   Thumb Code    54  tft.o(.text)
    TFT_line_color                           0x080010c7   Thumb Code    46  tft.o(.text)
    TFT_draw_line                            0x080010f5   Thumb Code   146  tft.o(.text)
    TFT_draw_rectangle                       0x08001187   Thumb Code   146  tft.o(.text)
    TFT_touch_area_frame                     0x08001219   Thumb Code    46  tft.o(.text)
    TFT_touch_area_font                      0x08001247   Thumb Code    38  tft.o(.text)
    TFT_touch_area_font_color                0x0800126d   Thumb Code    46  tft.o(.text)
    TFT_touch_area_color                     0x0800129b   Thumb Code    86  tft.o(.text)
    TFT_touch_area                           0x080012f1   Thumb Code   172  tft.o(.text)
    TFT_touch_area_clear                     0x0800139d   Thumb Code    42  tft.o(.text)
    NMI_Handler                              0x080013cd   Thumb Code     2  stm32f4xx_it.o(.text)
    HardFault_Handler                        0x080013cf   Thumb Code     4  stm32f4xx_it.o(.text)
    MemManage_Handler                        0x080013d3   Thumb Code     4  stm32f4xx_it.o(.text)
    BusFault_Handler                         0x080013d7   Thumb Code     4  stm32f4xx_it.o(.text)
    UsageFault_Handler                       0x080013db   Thumb Code     4  stm32f4xx_it.o(.text)
    SVC_Handler                              0x080013df   Thumb Code     2  stm32f4xx_it.o(.text)
    DebugMon_Handler                         0x080013e1   Thumb Code     2  stm32f4xx_it.o(.text)
    PendSV_Handler                           0x080013e3   Thumb Code     2  stm32f4xx_it.o(.text)
    SysTick_Handler                          0x080013e5   Thumb Code     8  stm32f4xx_it.o(.text)
    main                                     0x080013ed   Thumb Code    54  main.o(.text)
    init_prim_arr                            0x08001431   Thumb Code    26  sieb.o(.text)
    calc_prim_arr                            0x0800144b   Thumb Code    72  sieb.o(.text)
    calc_sum_prim                            0x08001493   Thumb Code    36  sieb.o(.text)
    print_prim_arr                           0x080014b7   Thumb Code    64  sieb.o(.text)
    print_ergebnis_TFT                       0x0800156d   Thumb Code    36  ausg.o(.text)
    SystemInit                               0x080016a5   Thumb Code    88  system_stm32f4xx.o(.text)
    SystemCoreClockUpdate                    0x080016fd   Thumb Code   174  system_stm32f4xx.o(.text)
    GPIO_DeInit                              0x080017d9   Thumb Code   284  stm32f4xx_gpio.o(.text)
    GPIO_Init                                0x080018f5   Thumb Code   342  stm32f4xx_gpio.o(.text)
    GPIO_StructInit                          0x08001a4b   Thumb Code    18  stm32f4xx_gpio.o(.text)
    GPIO_PinLockConfig                       0x08001a5d   Thumb Code   122  stm32f4xx_gpio.o(.text)
    GPIO_ReadInputDataBit                    0x08001ad7   Thumb Code   182  stm32f4xx_gpio.o(.text)
    GPIO_ReadInputData                       0x08001b8d   Thumb Code   134  stm32f4xx_gpio.o(.text)
    GPIO_ReadOutputDataBit                   0x08001c13   Thumb Code   186  stm32f4xx_gpio.o(.text)
    GPIO_ReadOutputData                      0x08001ccd   Thumb Code    78  stm32f4xx_gpio.o(.text)
    GPIO_SetBits                             0x08001d1b   Thumb Code    98  stm32f4xx_gpio.o(.text)
    GPIO_ResetBits                           0x08001d7d   Thumb Code    98  stm32f4xx_gpio.o(.text)
    GPIO_WriteBit                            0x08001ddf   Thumb Code   200  stm32f4xx_gpio.o(.text)
    GPIO_Write                               0x08001ea7   Thumb Code    78  stm32f4xx_gpio.o(.text)
    GPIO_ToggleBits                          0x08001ef5   Thumb Code    82  stm32f4xx_gpio.o(.text)
    GPIO_PinAFConfig                         0x08001f47   Thumb Code   384  stm32f4xx_gpio.o(.text)
    RCC_DeInit                               0x080020c9   Thumb Code    60  stm32f4xx_rcc.o(.text)
    RCC_HSEConfig                            0x08002105   Thumb Code    38  stm32f4xx_rcc.o(.text)
    RCC_GetFlagStatus                        0x0800212b   Thumb Code   130  stm32f4xx_rcc.o(.text)
    RCC_WaitForHSEStartUp                    0x080021ad   Thumb Code    56  stm32f4xx_rcc.o(.text)
    RCC_AdjustHSICalibrationValue            0x080021e5   Thumb Code    38  stm32f4xx_rcc.o(.text)
    RCC_HSICmd                               0x0800220b   Thumb Code    28  stm32f4xx_rcc.o(.text)
    RCC_LSEConfig                            0x08002227   Thumb Code    72  stm32f4xx_rcc.o(.text)
    RCC_LSICmd                               0x0800226f   Thumb Code    28  stm32f4xx_rcc.o(.text)
    RCC_PLLConfig                            0x0800228b   Thumb Code   156  stm32f4xx_rcc.o(.text)
    RCC_PLLCmd                               0x08002327   Thumb Code    28  stm32f4xx_rcc.o(.text)
    RCC_PLLI2SConfig                         0x08002343   Thumb Code    62  stm32f4xx_rcc.o(.text)
    RCC_PLLI2SCmd                            0x08002381   Thumb Code    28  stm32f4xx_rcc.o(.text)
    RCC_ClockSecuritySystemCmd               0x0800239d   Thumb Code    28  stm32f4xx_rcc.o(.text)
    RCC_MCO1Config                           0x080023b9   Thumb Code   102  stm32f4xx_rcc.o(.text)
    RCC_MCO2Config                           0x0800241f   Thumb Code   102  stm32f4xx_rcc.o(.text)
    RCC_SYSCLKConfig                         0x08002485   Thumb Code    80  stm32f4xx_rcc.o(.text)
    RCC_GetSYSCLKSource                      0x080024d5   Thumb Code    10  stm32f4xx_rcc.o(.text)
    RCC_HCLKConfig                           0x080024df   Thumb Code    68  stm32f4xx_rcc.o(.text)
    RCC_PCLK1Config                          0x08002523   Thumb Code    60  stm32f4xx_rcc.o(.text)
    RCC_PCLK2Config                          0x0800255f   Thumb Code    62  stm32f4xx_rcc.o(.text)
    RCC_GetClocksFreq                        0x0800259d   Thumb Code   214  stm32f4xx_rcc.o(.text)
    RCC_RTCCLKConfig                         0x08002673   Thumb Code   262  stm32f4xx_rcc.o(.text)
    RCC_RTCCLKCmd                            0x08002779   Thumb Code    30  stm32f4xx_rcc.o(.text)
    RCC_BackupResetCmd                       0x08002797   Thumb Code    32  stm32f4xx_rcc.o(.text)
    RCC_I2SCLKConfig                         0x080027b7   Thumb Code    30  stm32f4xx_rcc.o(.text)
    RCC_AHB1PeriphClockCmd                   0x080027d5   Thumb Code    82  stm32f4xx_rcc.o(.text)
    RCC_AHB2PeriphClockCmd                   0x08002827   Thumb Code    82  stm32f4xx_rcc.o(.text)
    RCC_AHB3PeriphClockCmd                   0x08002879   Thumb Code   232  stm32f4xx_rcc.o(.text)
    RCC_APB1PeriphClockCmd                   0x08002961   Thumb Code    82  stm32f4xx_rcc.o(.text)
    RCC_APB2PeriphClockCmd                   0x080029b3   Thumb Code    82  stm32f4xx_rcc.o(.text)
    RCC_AHB1PeriphResetCmd                   0x08002a05   Thumb Code    82  stm32f4xx_rcc.o(.text)
    RCC_AHB2PeriphResetCmd                   0x08002a57   Thumb Code    82  stm32f4xx_rcc.o(.text)
    RCC_AHB3PeriphResetCmd                   0x08002aa9   Thumb Code    82  stm32f4xx_rcc.o(.text)
    RCC_APB1PeriphResetCmd                   0x08002afb   Thumb Code    82  stm32f4xx_rcc.o(.text)
    RCC_APB2PeriphResetCmd                   0x08002b4d   Thumb Code    82  stm32f4xx_rcc.o(.text)
    RCC_AHB1PeriphClockLPModeCmd             0x08002b9f   Thumb Code    82  stm32f4xx_rcc.o(.text)
    RCC_AHB2PeriphClockLPModeCmd             0x08002bf1   Thumb Code    82  stm32f4xx_rcc.o(.text)
    RCC_AHB3PeriphClockLPModeCmd             0x08002c43   Thumb Code    82  stm32f4xx_rcc.o(.text)
    RCC_APB1PeriphClockLPModeCmd             0x08002c95   Thumb Code    82  stm32f4xx_rcc.o(.text)
    RCC_APB2PeriphClockLPModeCmd             0x08002ce7   Thumb Code   106  stm32f4xx_rcc.o(.text)
    RCC_ITConfig                             0x08002d51   Thumb Code    74  stm32f4xx_rcc.o(.text)
    RCC_ClearFlag                            0x08002d9b   Thumb Code    18  stm32f4xx_rcc.o(.text)
    RCC_GetITStatus                          0x08002dad   Thumb Code    68  stm32f4xx_rcc.o(.text)
    RCC_ClearITPendingBit                    0x08002df1   Thumb Code    34  stm32f4xx_rcc.o(.text)
    USART_DeInit                             0x08002e19   Thumb Code   202  stm32f4xx_usart.o(.text)
    USART_Init                               0x08002ee3   Thumb Code   456  stm32f4xx_usart.o(.text)
    USART_StructInit                         0x080030ab   Thumb Code    24  stm32f4xx_usart.o(.text)
    USART_ClockInit                          0x080030c3   Thumb Code   166  stm32f4xx_usart.o(.text)
    USART_ClockStructInit                    0x08003169   Thumb Code    12  stm32f4xx_usart.o(.text)
    USART_Cmd                                0x08003175   Thumb Code    96  stm32f4xx_usart.o(.text)
    USART_SetPrescaler                       0x080031d5   Thumb Code   120  stm32f4xx_usart.o(.text)
    USART_OverSampling8Cmd                   0x0800324d   Thumb Code    98  stm32f4xx_usart.o(.text)
    USART_OneBitMethodCmd                    0x080032af   Thumb Code   100  stm32f4xx_usart.o(.text)
    USART_SendData                           0x08003313   Thumb Code    84  stm32f4xx_usart.o(.text)
    USART_ReceiveData                        0x08003367   Thumb Code    62  stm32f4xx_usart.o(.text)
    USART_SetAddress                         0x080033a5   Thumb Code    92  stm32f4xx_usart.o(.text)
    USART_ReceiverWakeUpCmd                  0x08003401   Thumb Code   100  stm32f4xx_usart.o(.text)
    USART_WakeUpConfig                       0x08003465   Thumb Code    96  stm32f4xx_usart.o(.text)
    USART_LINBreakDetectLengthConfig         0x080034c5   Thumb Code    94  stm32f4xx_usart.o(.text)
    USART_LINCmd                             0x08003523   Thumb Code   100  stm32f4xx_usart.o(.text)
    USART_SendBreak                          0x08003587   Thumb Code    64  stm32f4xx_usart.o(.text)
    USART_HalfDuplexCmd                      0x080035c7   Thumb Code   100  stm32f4xx_usart.o(.text)
    USART_SetGuardTime                       0x0800362b   Thumb Code    86  stm32f4xx_usart.o(.text)
    USART_SmartCardCmd                       0x08003681   Thumb Code    88  stm32f4xx_usart.o(.text)
    USART_SmartCardNACKCmd                   0x080036d9   Thumb Code    88  stm32f4xx_usart.o(.text)
    USART_IrDAConfig                         0x08003731   Thumb Code    94  stm32f4xx_usart.o(.text)
    USART_IrDACmd                            0x0800378f   Thumb Code   100  stm32f4xx_usart.o(.text)
    USART_DMACmd                             0x080037f3   Thumb Code   120  stm32f4xx_usart.o(.text)
    USART_ITConfig                           0x0800386b   Thumb Code   268  stm32f4xx_usart.o(.text)
    USART_GetFlagStatus                      0x08003977   Thumb Code   176  stm32f4xx_usart.o(.text)
    USART_ClearFlag                          0x08003a27   Thumb Code   160  stm32f4xx_usart.o(.text)
    USART_GetITStatus                        0x08003ac7   Thumb Code   284  stm32f4xx_usart.o(.text)
    USART_ClearITPendingBit                  0x08003be3   Thumb Code   170  stm32f4xx_usart.o(.text)
    NVIC_PriorityGroupConfig                 0x08003ca5   Thumb Code    54  misc.o(.text)
    NVIC_Init                                0x08003cdb   Thumb Code   164  misc.o(.text)
    NVIC_SetVectorTable                      0x08003d7f   Thumb Code    60  misc.o(.text)
    NVIC_SystemLPConfig                      0x08003dbb   Thumb Code    78  misc.o(.text)
    SysTick_CLKSourceConfig                  0x08003e09   Thumb Code    62  misc.o(.text)
    __2printf                                0x08003e69   Thumb Code    20  noretval__2printf.o(.text)
    __2sprintf                               0x08003e81   Thumb Code    34  noretval__2sprintf.o(.text)
    __printf                                 0x08003ea9   Thumb Code   104  __printf.o(.text)
    _printf_int_dec                          0x08003f11   Thumb Code   100  _printf_dec.o(.text)
    strlen                                   0x08003f85   Thumb Code    62  strlen.o(.text)
    __use_two_region_memory                  0x08003fc3   Thumb Code     2  heapauxi.o(.text)
    __rt_heap_escrow$2region                 0x08003fc5   Thumb Code     2  heapauxi.o(.text)
    __rt_heap_expand$2region                 0x08003fc7   Thumb Code     2  heapauxi.o(.text)
    __read_errno                             0x08003fc9   Thumb Code    10  _rserrno.o(.text)
    __set_errno                              0x08003fd3   Thumb Code    12  _rserrno.o(.text)
    _printf_int_common                       0x08003fdf   Thumb Code   178  _printf_intcommon.o(.text)
    _printf_char_common                      0x0800409b   Thumb Code    32  _printf_char_common.o(.text)
    _sputc                                   0x080040c1   Thumb Code    10  _sputc.o(.text)
    _printf_char_file                        0x080040cd   Thumb Code    32  _printf_char_file.o(.text)
    __aeabi_errno_addr                       0x080040f1   Thumb Code     8  rt_errno_addr_intlibspace.o(.text)
    __errno$intlibspace                      0x080040f1   Thumb Code     0  rt_errno_addr_intlibspace.o(.text)
    __rt_errno_addr$intlibspace              0x080040f1   Thumb Code     0  rt_errno_addr_intlibspace.o(.text)
    __user_libspace                          0x080040f9   Thumb Code     8  libspace.o(.text)
    __user_perproc_libspace                  0x080040f9   Thumb Code     0  libspace.o(.text)
    __user_perthread_libspace                0x080040f9   Thumb Code     0  libspace.o(.text)
    __user_setup_stackheap                   0x08004101   Thumb Code    74  sys_stackheap_outer.o(.text)
    exit                                     0x0800414b   Thumb Code    12  exit.o(.text)
    __hardfp_sqrt                            0x08004157   Thumb Code   122  sqrt.o(i.__hardfp_sqrt)
    __aeabi_d2iz                             0x080041d1   Thumb Code     0  dfix.o(x$fpl$dfix)
    _dfix                                    0x080041d1   Thumb Code    94  dfix.o(x$fpl$dfix)
    __fpl_dnaninf                            0x0800422f   Thumb Code   156  dnaninf.o(x$fpl$dnaninf)
    _dsqrt                                   0x080042cd   Thumb Code   404  dsqrt_umaal.o(x$fpl$dsqrt)
    _fp_init                                 0x08004465   Thumb Code    10  fpinit.o(x$fpl$fpinit)
    __fplib_config_fpu_vfp                   0x0800446d   Thumb Code     0  fpinit.o(x$fpl$fpinit)
    __fplib_config_pureend_doubles           0x0800446d   Thumb Code     0  fpinit.o(x$fpl$fpinit)
    __I$use$fp                               0x0800446e   Number         0  usenofp.o(x$fpl$usenofp)
    Region$$Table$$Base                      0x08004470   Number         0  anon$$obj.o(Region$$Table)
    Region$$Table$$Limit                     0x08004490   Number         0  anon$$obj.o(Region$$Table)
    __stdout                                 0x2000000c   Data           4  retarget.o(.data)
    __stdin                                  0x20000010   Data           4  retarget.o(.data)
    prim_anz                                 0x20000014   Data           4  main.o(.data)
    start                                    0x20000018   Data           4  main.o(.data)
    ende                                     0x2000001c   Data           4  main.o(.data)
    SystemCoreClock                          0x20000020   Data           4  system_stm32f4xx.o(.data)
    AHBPrescTable                            0x20000024   Data          16  system_stm32f4xx.o(.data)
    prim_arr                                 0x2000035a   Data         100  sieb.o(.bss)
    __libspace_start                         0x200003c0   Data          96  libspace.o(.bss)
    __temporary_stack_top$libspace           0x20000420   Data           0  libspace.o(.bss)



==============================================================================

Memory Map of the image

  Image Entry point : 0x08000189

  Load Region LR_IROM1 (Base: 0x08000000, Size: 0x000044d4, Max: 0x00100000, ABSOLUTE)

    Execution Region ER_IROM1 (Base: 0x08000000, Size: 0x00004490, Max: 0x00100000, ABSOLUTE)

    Base Addr    Size         Type   Attr      Idx    E Section Name        Object

    0x08000000   0x00000188   Data   RO            3    RESET               startup_stm32f4xx.o
    0x08000188   0x00000008   Code   RO          522  * !!!main             c_w.l(__main.o)
    0x08000190   0x00000034   Code   RO          715    !!!scatter          c_w.l(__scatter.o)
    0x080001c4   0x0000001a   Code   RO          717    !!handler_copy      c_w.l(__scatter_copy.o)
    0x080001de   0x00000002   PAD
    0x080001e0   0x0000001c   Code   RO          719    !!handler_zi        c_w.l(__scatter_zi.o)
    0x080001fc   0x00000000   Code   RO          517    .ARM.Collect$$_printf_percent$$00000000  c_w.l(_printf_percent.o)
    0x080001fc   0x00000006   Code   RO          514    .ARM.Collect$$_printf_percent$$00000008  c_w.l(_printf_i.o)
    0x08000202   0x00000006   Code   RO          515    .ARM.Collect$$_printf_percent$$00000009  c_w.l(_printf_d.o)
    0x08000208   0x00000006   Code   RO          516    .ARM.Collect$$_printf_percent$$0000000A  c_w.l(_printf_u.o)
    0x0800020e   0x00000004   Code   RO          551    .ARM.Collect$$_printf_percent$$00000017  c_w.l(_printf_percent_end.o)
    0x08000212   0x00000002   Code   RO          595    .ARM.Collect$$libinit$$00000000  c_w.l(libinit.o)
    0x08000214   0x00000004   Code   RO          598    .ARM.Collect$$libinit$$00000001  c_w.l(libinit2.o)
    0x08000218   0x00000000   Code   RO          602    .ARM.Collect$$libinit$$00000008  c_w.l(libinit2.o)
    0x08000218   0x00000000   Code   RO          604    .ARM.Collect$$libinit$$0000000A  c_w.l(libinit2.o)
    0x08000218   0x00000000   Code   RO          606    .ARM.Collect$$libinit$$0000000C  c_w.l(libinit2.o)
    0x08000218   0x00000000   Code   RO          609    .ARM.Collect$$libinit$$0000000F  c_w.l(libinit2.o)
    0x08000218   0x00000000   Code   RO          611    .ARM.Collect$$libinit$$00000011  c_w.l(libinit2.o)
    0x08000218   0x00000000   Code   RO          613    .ARM.Collect$$libinit$$00000013  c_w.l(libinit2.o)
    0x08000218   0x00000000   Code   RO          615    .ARM.Collect$$libinit$$00000015  c_w.l(libinit2.o)
    0x08000218   0x00000000   Code   RO          617    .ARM.Collect$$libinit$$00000017  c_w.l(libinit2.o)
    0x08000218   0x00000000   Code   RO          619    .ARM.Collect$$libinit$$00000019  c_w.l(libinit2.o)
    0x08000218   0x00000000   Code   RO          621    .ARM.Collect$$libinit$$0000001B  c_w.l(libinit2.o)
    0x08000218   0x00000000   Code   RO          623    .ARM.Collect$$libinit$$0000001D  c_w.l(libinit2.o)
    0x08000218   0x00000000   Code   RO          625    .ARM.Collect$$libinit$$0000001F  c_w.l(libinit2.o)
    0x08000218   0x00000000   Code   RO          627    .ARM.Collect$$libinit$$00000021  c_w.l(libinit2.o)
    0x08000218   0x00000000   Code   RO          629    .ARM.Collect$$libinit$$00000023  c_w.l(libinit2.o)
    0x08000218   0x00000000   Code   RO          633    .ARM.Collect$$libinit$$0000002A  c_w.l(libinit2.o)
    0x08000218   0x00000000   Code   RO          635    .ARM.Collect$$libinit$$0000002C  c_w.l(libinit2.o)
    0x08000218   0x00000000   Code   RO          637    .ARM.Collect$$libinit$$0000002E  c_w.l(libinit2.o)
    0x08000218   0x00000000   Code   RO          639    .ARM.Collect$$libinit$$00000030  c_w.l(libinit2.o)
    0x08000218   0x00000002   Code   RO          640    .ARM.Collect$$libinit$$00000031  c_w.l(libinit2.o)
    0x0800021a   0x00000002   Code   RO          658    .ARM.Collect$$libshutdown$$00000000  c_w.l(libshutdown.o)
    0x0800021c   0x00000000   Code   RO          669    .ARM.Collect$$libshutdown$$00000003  c_w.l(libshutdown2.o)
    0x0800021c   0x00000000   Code   RO          672    .ARM.Collect$$libshutdown$$00000006  c_w.l(libshutdown2.o)
    0x0800021c   0x00000000   Code   RO          675    .ARM.Collect$$libshutdown$$00000009  c_w.l(libshutdown2.o)
    0x0800021c   0x00000000   Code   RO          677    .ARM.Collect$$libshutdown$$0000000B  c_w.l(libshutdown2.o)
    0x0800021c   0x00000000   Code   RO          680    .ARM.Collect$$libshutdown$$0000000E  c_w.l(libshutdown2.o)
    0x0800021c   0x00000002   Code   RO          681    .ARM.Collect$$libshutdown$$0000000F  c_w.l(libshutdown2.o)
    0x0800021e   0x00000000   Code   RO          540    .ARM.Collect$$rtentry$$00000000  c_w.l(rtentry.o)
    0x0800021e   0x00000000   Code   RO          560    .ARM.Collect$$rtentry$$00000002  c_w.l(rtentry2.o)
    0x0800021e   0x00000006   Code   RO          572    .ARM.Collect$$rtentry$$00000004  c_w.l(rtentry4.o)
    0x08000224   0x00000000   Code   RO          562    .ARM.Collect$$rtentry$$00000009  c_w.l(rtentry2.o)
    0x08000224   0x00000004   Code   RO          563    .ARM.Collect$$rtentry$$0000000A  c_w.l(rtentry2.o)
    0x08000228   0x00000000   Code   RO          565    .ARM.Collect$$rtentry$$0000000C  c_w.l(rtentry2.o)
    0x08000228   0x00000008   Code   RO          566    .ARM.Collect$$rtentry$$0000000D  c_w.l(rtentry2.o)
    0x08000230   0x00000002   Code   RO          596    .ARM.Collect$$rtexit$$00000000  c_w.l(rtexit.o)
    0x08000232   0x00000000   Code   RO          642    .ARM.Collect$$rtexit$$00000002  c_w.l(rtexit2.o)
    0x08000232   0x00000004   Code   RO          643    .ARM.Collect$$rtexit$$00000003  c_w.l(rtexit2.o)
    0x08000236   0x00000006   Code   RO          644    .ARM.Collect$$rtexit$$00000004  c_w.l(rtexit2.o)
    0x0800023c   0x00000050   Code   RO            4    .text               startup_stm32f4xx.o
    0x0800028c   0x00000064   Code   RO           12    .text               ti_lib.o
    0x080002f0   0x000001e8   Code   RO           71    .text               usart.o
    0x080004d8   0x00000074   Code   RO          113    .text               retarget.o
    0x0800054c   0x00000290   Code   RO          143    .text               ti_board_io.o
    0x080007dc   0x00000bf0   Code   RO          167    .text               tft.o
    0x080013cc   0x00000020   Code   RO          230    .text               stm32f4xx_it.o
    0x080013ec   0x00000044   Code   RO          253    .text               main.o
    0x08001430   0x0000013c   Code   RO          283    .text               sieb.o
    0x0800156c   0x0000005c   Code   RO          314    .text               ausg.o
    0x080015c8   0x00000210   Code   RO          334    .text               system_stm32f4xx.o
    0x080017d8   0x000008ee   Code   RO          360    .text               stm32f4xx_gpio.o
    0x080020c6   0x00000002   PAD
    0x080020c8   0x00000d50   Code   RO          380    .text               stm32f4xx_rcc.o
    0x08002e18   0x00000e8c   Code   RO          402    .text               stm32f4xx_usart.o
    0x08003ca4   0x000001c4   Code   RO          422    .text               misc.o
    0x08003e68   0x00000018   Code   RO          486    .text               c_w.l(noretval__2printf.o)
    0x08003e80   0x00000028   Code   RO          488    .text               c_w.l(noretval__2sprintf.o)
    0x08003ea8   0x00000068   Code   RO          490    .text               c_w.l(__printf.o)
    0x08003f10   0x00000074   Code   RO          492    .text               c_w.l(_printf_dec.o)
    0x08003f84   0x0000003e   Code   RO          518    .text               c_w.l(strlen.o)
    0x08003fc2   0x00000006   Code   RO          520    .text               c_w.l(heapauxi.o)
    0x08003fc8   0x00000016   Code   RO          541    .text               c_w.l(_rserrno.o)
    0x08003fde   0x000000b2   Code   RO          543    .text               c_w.l(_printf_intcommon.o)
    0x08004090   0x00000030   Code   RO          545    .text               c_w.l(_printf_char_common.o)
    0x080040c0   0x0000000a   Code   RO          547    .text               c_w.l(_sputc.o)
    0x080040ca   0x00000002   PAD
    0x080040cc   0x00000024   Code   RO          549    .text               c_w.l(_printf_char_file.o)
    0x080040f0   0x00000008   Code   RO          577    .text               c_w.l(rt_errno_addr_intlibspace.o)
    0x080040f8   0x00000008   Code   RO          583    .text               c_w.l(libspace.o)
    0x08004100   0x0000004a   Code   RO          586    .text               c_w.l(sys_stackheap_outer.o)
    0x0800414a   0x0000000c   Code   RO          588    .text               c_w.l(exit.o)
    0x08004156   0x0000007a   Code   RO          528    i.__hardfp_sqrt     m_wm.l(sqrt.o)
    0x080041d0   0x0000005e   Code   RO          524    x$fpl$dfix          fz_wm.l(dfix.o)
    0x0800422e   0x0000009c   Code   RO          554    x$fpl$dnaninf       fz_wm.l(dnaninf.o)
    0x080042ca   0x00000002   PAD
    0x080042cc   0x00000198   Code   RO          556    x$fpl$dsqrt         fz_wm.l(dsqrt_umaal.o)
    0x08004464   0x0000000a   Code   RO          650    x$fpl$fpinit        fz_wm.l(fpinit.o)
    0x0800446e   0x00000000   Code   RO          558    x$fpl$usenofp       fz_wm.l(usenofp.o)
    0x0800446e   0x00000002   PAD
    0x08004470   0x00000020   Data   RO          713    Region$$Table       anon$$obj.o


    Execution Region RW_IRAM1 (Base: 0x20000000, Size: 0x00009420, Max: 0x00020000, ABSOLUTE)

    Base Addr    Size         Type   Attr      Idx    E Section Name        Object

    0x20000000   0x00000008   Data   RW           13    .data               ti_lib.o
    0x20000008   0x00000004   Data   RW           73    .data               usart.o
    0x2000000c   0x00000008   Data   RW          114    .data               retarget.o
    0x20000014   0x0000000c   Data   RW          254    .data               main.o
    0x20000020   0x00000014   Data   RW          335    .data               system_stm32f4xx.o
    0x20000034   0x00000010   Data   RW          381    .data               stm32f4xx_rcc.o
    0x20000044   0x00000210   Zero   RW           72    .bss                usart.o
    0x20000254   0x00000106   Zero   RW          168    .bss                tft.o
    0x2000035a   0x00000064   Zero   RW          284    .bss                sieb.o
    0x200003be   0x00000002   PAD
    0x200003c0   0x00000060   Zero   RW          584    .bss                c_w.l(libspace.o)
    0x20000420   0x00008000   Zero   RW            2    HEAP                startup_stm32f4xx.o
    0x20008420   0x00001000   Zero   RW            1    STACK               startup_stm32f4xx.o


==============================================================================

Image component sizes


      Code (inc. data)   RO Data    RW Data    ZI Data      Debug   Object Name

        92         56          0          0          0        505   ausg.o
        68         14          0         12          0        689   main.o
       452         34          0          0          0       1837   misc.o
       116          6          0          8          0       3070   retarget.o
       316        118          0          0        100       1802   sieb.o
        80         32        392          0      36864        832   startup_stm32f4xx.o
      2286         92          0          0          0       5017   stm32f4xx_gpio.o
        32          0          0          0          0       1326   stm32f4xx_it.o
      3408        218          0         16          0      12667   stm32f4xx_rcc.o
      3724        124          0          0          0       9388   stm32f4xx_usart.o
       528         46          0         20          0       1691   system_stm32f4xx.o
      3056         16          0          0        262      11326   tft.o
       656         42          0          0          0      27688   ti_board_io.o
       100          8          0          8          0     213305   ti_lib.o
       488         22          0          4        528      29557   usart.o

    ----------------------------------------------------------------------
     15404        828        424         68      37756     320700   Object Totals
         0          0         32          0          0          0   (incl. Generated)
         2          0          0          0          2          0   (incl. Padding)

    ----------------------------------------------------------------------

      Code (inc. data)   RO Data    RW Data    ZI Data      Debug   Library Member Name

         8          0          0          0          0         68   __main.o
       104          0          0          0          0         84   __printf.o
        52          8          0          0          0          0   __scatter.o
        26          0          0          0          0          0   __scatter_copy.o
        28          0          0          0          0          0   __scatter_zi.o
        48          6          0          0          0         96   _printf_char_common.o
        36          4          0          0          0         80   _printf_char_file.o
         6          0          0          0          0          0   _printf_d.o
       116         16          0          0          0         92   _printf_dec.o
         6          0          0          0          0          0   _printf_i.o
       178          0          0          0          0         88   _printf_intcommon.o
         0          0          0          0          0          0   _printf_percent.o
         4          0          0          0          0          0   _printf_percent_end.o
         6          0          0          0          0          0   _printf_u.o
        22          0          0          0          0        100   _rserrno.o
        10          0          0          0          0         68   _sputc.o
        12          0          0          0          0         72   exit.o
         6          0          0          0          0        152   heapauxi.o
         2          0          0          0          0          0   libinit.o
         6          0          0          0          0          0   libinit2.o
         2          0          0          0          0          0   libshutdown.o
         2          0          0          0          0          0   libshutdown2.o
         8          4          0          0         96         68   libspace.o
        24          4          0          0          0         84   noretval__2printf.o
        40          6          0          0          0         84   noretval__2sprintf.o
         8          4          0          0          0         68   rt_errno_addr_intlibspace.o
         0          0          0          0          0          0   rtentry.o
        12          0          0          0          0          0   rtentry2.o
         6          0          0          0          0          0   rtentry4.o
         2          0          0          0          0          0   rtexit.o
        10          0          0          0          0          0   rtexit2.o
        62          0          0          0          0         76   strlen.o
        74          0          0          0          0         80   sys_stackheap_outer.o
        94          4          0          0          0        140   dfix.o
       156          4          0          0          0        140   dnaninf.o
       408         56          0          0          0        168   dsqrt_umaal.o
        10          0          0          0          0        116   fpinit.o
         0          0          0          0          0          0   usenofp.o
       122          0          0          0          0        148   sqrt.o

    ----------------------------------------------------------------------
      1724        116          0          0         96       2072   Library Totals
         8          0          0          0          0          0   (incl. Padding)

    ----------------------------------------------------------------------

      Code (inc. data)   RO Data    RW Data    ZI Data      Debug   Library Name

       926         52          0          0         96       1360   c_w.l
       668         64          0          0          0        564   fz_wm.l
       122          0          0          0          0        148   m_wm.l

    ----------------------------------------------------------------------
      1724        116          0          0         96       2072   Library Totals

    ----------------------------------------------------------------------

==============================================================================


      Code (inc. data)   RO Data    RW Data    ZI Data      Debug   

     17128        944        424         68      37852     319048   Grand Totals
     17128        944        424         68      37852     319048   ELF Image Totals
     17128        944        424         68          0          0   ROM Totals

==============================================================================

    Total RO  Size (Code + RO Data)                17552 (  17.14kB)
    Total RW  Size (RW Data + ZI Data)             37920 (  37.03kB)
    Total ROM Size (Code + RO Data + RW Data)      17620 (  17.21kB)

==============================================================================

